Loading YOLO models...
YOLO models loaded successfully
Loading YOLO models...
YOLO models loaded successfully
Watching for file changes with StatReloader
Loading YOLO models...
YOLO models loaded successfully
Not Found: /favicon.ico
Received try-on request
Processing image of size: (1024, 768, 3)
Calculated body measurements
Blending images - person: (1024, 768, 3), clothing: (441, 331, 4)
Enhanced blending failed: operands could not be broadcast together with shapes (774,526) (1024,768) 
Traceback (most recent call last):
  File "C:\Users\lenovo\Desktop\office project\bodyapp\detector\views.py", line 208, in blend_images
    result[y_start:y_start+clothing_img.shape[0],
    ~~~~~~~~~~~~~~~~~~~~~~~~~~~~~~~~~~~~~~~~~~~~~
         x_start:x_start+clothing_img.shape[1], c] * (1 - alpha)
         ~~~~~~~~~~~~~~~~~~~~~~~~~~~~~~~~~~~~~~~~~~^~~~~~~~~~~~~
ValueError: operands could not be broadcast together with shapes (774,526) (1024,768) 
Blending failed: operands could not be broadcast together with shapes (774,526) (1024,768) 
Bad Request: /static-tryon/
Received try-on request
Processing image of size: (1024, 768, 3)
Calculated body measurements
Blending images - person: (1024, 768, 3), clothing: (441, 331, 4)
Enhanced blending failed: operands could not be broadcast together with shapes (774,526) (1024,768) 
Traceback (most recent call last):
  File "C:\Users\lenovo\Desktop\office project\bodyapp\detector\views.py", line 208, in blend_images
    result[y_start:y_start+clothing_img.shape[0],
    ~~~~~~~~~~~~~~~~~~~~~~~~~~~~~~~~~~~~~~~~~~~~~
         x_start:x_start+clothing_img.shape[1], c] * (1 - alpha)
         ~~~~~~~~~~~~~~~~~~~~~~~~~~~~~~~~~~~~~~~~~~^~~~~~~~~~~~~
ValueError: operands could not be broadcast together with shapes (774,526) (1024,768) 
Blending failed: operands could not be broadcast together with shapes (774,526) (1024,768) 
Bad Request: /static-tryon/
Not Found: /.well-known/appspecific/com.chrome.devtools.json
Received try-on request
Processing image of size: (1024, 768, 3)
Calculated body measurements
Blending images - person: (1024, 768, 3), clothing: (441, 331, 4)
Enhanced blending failed: operands could not be broadcast together with shapes (774,526) (1024,768) 
Traceback (most recent call last):
  File "C:\Users\lenovo\Desktop\office project\bodyapp\detector\views.py", line 208, in blend_images
    result[y_start:y_start+clothing_img.shape[0],
    ~~~~~~~~~~~~~~~~~~~~~~~~~~~~~~~~~~~~~~~~~~~~~
         x_start:x_start+clothing_img.shape[1], c] * (1 - alpha)
         ~~~~~~~~~~~~~~~~~~~~~~~~~~~~~~~~~~~~~~~~~~^~~~~~~~~~~~~
ValueError: operands could not be broadcast together with shapes (774,526) (1024,768) 
Blending failed: operands could not be broadcast together with shapes (774,526) (1024,768) 
Bad Request: /static-tryon/
Watching for file changes with StatReloader
Loading YOLO models...
YOLO models loaded successfully
Not Found: /favicon.ico
Received try-on request
Processing image of size: (1024, 768, 3)
Calculated body measurements
Blending images - person: (1024, 768, 3), clothing: (384, 288, 4)
Enhanced blending failed: operands could not be broadcast together with shapes (777,505) (1024,768) 
Traceback (most recent call last):
  File "C:\Users\lenovo\Desktop\office project\bodyapp\detector\views.py", line 208, in blend_images
    result[y_start:y_start+clothing_img.shape[0],
    ~~~~~~~~~~~~~~~~~~~~~~~~~~~~~~~~~~~~~~~~~~~~~
         x_start:x_start+clothing_img.shape[1], c] * (1 - alpha)
         ~~~~~~~~~~~~~~~~~~~~~~~~~~~~~~~~~~~~~~~~~~^~~~~~~~~~~~~
ValueError: operands could not be broadcast together with shapes (777,505) (1024,768) 
Blending failed: operands could not be broadcast together with shapes (777,505) (1024,768) 
Bad Request: /static-tryon/
Watching for file changes with StatReloader
Loading YOLO models...
YOLO models loaded successfully
Not Found: /favicon.ico
Not Found: /favicon.ico
Processing image of size: (1024, 768, 3)
Body measurements: {'shoulder_width': 301, 'hip_width': 198, 'torso_height': 460, 'full_height': 903, 'shoulder_height': 317, 'shoulder_center': 407, 'hip_height': 771, 'hip_center': 384}
Clothing resized from (799, 900, 4) to (210, 237, 4)
Blending images - person: (1024, 768, 3), clothing: (210, 237, 4)
Clothing position: x=266, y=750
Enhanced blending failed: operands could not be broadcast together with shapes (274,502) (1024,768) 
Traceback (most recent call last):
  File "C:\Users\lenovo\Desktop\office project\bodyapp\detector\views.py", line 255, in blend_images
    result[y_start:y_start+clothing_img.shape[0],
    ~~~~~~~~~~~~~~~~~~~~~~~~~~~~~~~~~~~~~~~~~~~~~
         x_start:x_start+clothing_img.shape[1], c] * (1 - alpha)
         ~~~~~~~~~~~~~~~~~~~~~~~~~~~~~~~~~~~~~~~~~~^~~~~~~~~~~~~
ValueError: operands could not be broadcast together with shapes (274,502) (1024,768) 
Blending failed: operands could not be broadcast together with shapes (274,502) (1024,768) 
Bad Request: /static-tryon/
Not Found: /.well-known/appspecific/com.chrome.devtools.json
Method Not Allowed: /static-tryon/
Not Found: /.well-known/appspecific/com.chrome.devtools.json
Processing image of size: (1024, 768, 3)
Body measurements: {'shoulder_width': 251, 'hip_width': 159, 'torso_height': 405, 'full_height': 875, 'shoulder_height': 334, 'shoulder_center': 424, 'hip_height': 735, 'hip_center': 415}
Clothing resized from (1024, 768, 4) to (401, 301, 4)
Blending images - person: (1024, 768, 3), clothing: (401, 301, 4)
Clothing position: x=274, y=254
Enhanced blending failed: operands could not be broadcast together with shapes (770,494) (1024,768) 
Traceback (most recent call last):
  File "C:\Users\lenovo\Desktop\office project\bodyapp\detector\views.py", line 255, in blend_images
    result[y_start:y_start+clothing_img.shape[0],
    ~~~~~~~~~~~~~~~~~~~~~~~~~~~~~~~~~~~~~~~~~~~~~
         x_start:x_start+clothing_img.shape[1], c] * (1 - alpha)
         ~~~~~~~~~~~~~~~~~~~~~~~~~~~~~~~~~~~~~~~~~~^~~~~~~~~~~~~
ValueError: operands could not be broadcast together with shapes (770,494) (1024,768) 
Blending failed: operands could not be broadcast together with shapes (770,494) (1024,768) 
Bad Request: /static-tryon/
Processing image of size: (1024, 768, 3)
Body measurements: {'shoulder_width': 251, 'hip_width': 159, 'torso_height': 405, 'full_height': 875, 'shoulder_height': 334, 'shoulder_center': 424, 'hip_height': 735, 'hip_center': 415}
Clothing resized from (1024, 768, 4) to (401, 301, 4)
Blending images - person: (1024, 768, 3), clothing: (401, 301, 4)
Clothing position: x=274, y=254
Enhanced blending failed: operands could not be broadcast together with shapes (770,494) (1024,768) 
Traceback (most recent call last):
  File "C:\Users\lenovo\Desktop\office project\bodyapp\detector\views.py", line 255, in blend_images
    result[y_start:y_start+clothing_img.shape[0],
    ~~~~~~~~~~~~~~~~~~~~~~~~~~~~~~~~~~~~~~~~~~~~~
         x_start:x_start+clothing_img.shape[1], c] * (1 - alpha)
         ~~~~~~~~~~~~~~~~~~~~~~~~~~~~~~~~~~~~~~~~~~^~~~~~~~~~~~~
ValueError: operands could not be broadcast together with shapes (770,494) (1024,768) 
Blending failed: operands could not be broadcast together with shapes (770,494) (1024,768) 
Bad Request: /static-tryon/
Processing image of size: (1024, 768, 3)
Body measurements: {'shoulder_width': 251, 'hip_width': 159, 'torso_height': 405, 'full_height': 875, 'shoulder_height': 334, 'shoulder_center': 424, 'hip_height': 735, 'hip_center': 415}
Clothing resized from (1024, 768, 4) to (401, 301, 4)
Blending images - person: (1024, 768, 3), clothing: (401, 301, 4)
Clothing position: x=274, y=254
Enhanced blending failed: operands could not be broadcast together with shapes (770,494) (1024,768) 
Traceback (most recent call last):
  File "C:\Users\lenovo\Desktop\office project\bodyapp\detector\views.py", line 255, in blend_images
    result[y_start:y_start+clothing_img.shape[0],
    ~~~~~~~~~~~~~~~~~~~~~~~~~~~~~~~~~~~~~~~~~~~~~
         x_start:x_start+clothing_img.shape[1], c] * (1 - alpha)
         ~~~~~~~~~~~~~~~~~~~~~~~~~~~~~~~~~~~~~~~~~~^~~~~~~~~~~~~
ValueError: operands could not be broadcast together with shapes (770,494) (1024,768) 
Blending failed: operands could not be broadcast together with shapes (770,494) (1024,768) 
Bad Request: /static-tryon/
Processing image of size: (1024, 768, 3)
Body measurements: {'shoulder_width': 251, 'hip_width': 159, 'torso_height': 405, 'full_height': 875, 'shoulder_height': 334, 'shoulder_center': 424, 'hip_height': 735, 'hip_center': 415}
Clothing resized from (1024, 768, 4) to (401, 301, 4)
Blending images - person: (1024, 768, 3), clothing: (401, 301, 4)
Clothing position: x=274, y=254
Enhanced blending failed: operands could not be broadcast together with shapes (770,494) (1024,768) 
Traceback (most recent call last):
  File "C:\Users\lenovo\Desktop\office project\bodyapp\detector\views.py", line 255, in blend_images
    result[y_start:y_start+clothing_img.shape[0],
    ~~~~~~~~~~~~~~~~~~~~~~~~~~~~~~~~~~~~~~~~~~~~~
         x_start:x_start+clothing_img.shape[1], c] * (1 - alpha)
         ~~~~~~~~~~~~~~~~~~~~~~~~~~~~~~~~~~~~~~~~~~^~~~~~~~~~~~~
ValueError: operands could not be broadcast together with shapes (770,494) (1024,768) 
Blending failed: operands could not be broadcast together with shapes (770,494) (1024,768) 
Bad Request: /static-tryon/
C:\Users\lenovo\Desktop\office project\bodyapp\detector\views.py changed, reloading.
Watching for file changes with StatReloader
Loading YOLO models...
YOLO models loaded successfully
Not Found: /.well-known/appspecific/com.chrome.devtools.json
Processing image of size: (1024, 768, 3)
Body measurements: {'shoulder_width': 264, 'hip_width': 170, 'torso_height': 434, 'full_height': 838, 'shoulder_height': 354, 'shoulder_center': 391, 'hip_height': 775, 'hip_center': 333}
Clothing resized from (799, 900, 4) to (181, 204, 4)
Blending images - person: (1024, 768, 3), clothing: (181, 204, 4)
Clothing position: x=231, y=757
Enhanced blending failed: operands could not be broadcast together with shapes (267,537) (1024,768) 
Traceback (most recent call last):
  File "C:\Users\lenovo\Desktop\office project\bodyapp\detector\views.py", line 255, in blend_images
    result[y_start:y_start+clothing_img.shape[0],
    ~~~~~~~~~~~~~~~~~~~~~~~~~~~~~~~~~~~~~~~~~~~~~
         x_start:x_start+clothing_img.shape[1], c] * (1 - alpha)
         ~~~~~~~~~~~~~~~~~~~~~~~~~~~~~~~~~~~~~~~~~~^~~~~~~~~~~~~
ValueError: operands could not be broadcast together with shapes (267,537) (1024,768) 
Blending failed: operands could not be broadcast together with shapes (267,537) (1024,768) 
Traceback (most recent call last):
  File "C:\Users\lenovo\Desktop\office project\bodyapp\detector\views.py", line 417, in static_tryon
    result_img = tryon_system.blend_images(
        person_img,
    ...<3 lines>...
        segmentation_mask
    )
  File "C:\Users\lenovo\Desktop\office project\bodyapp\detector\views.py", line 255, in blend_images
    result[y_start:y_start+clothing_img.shape[0],
    ~~~~~~~~~~~~~~~~~~~~~~~~~~~~~~~~~~~~~~~~~~~~~
         x_start:x_start+clothing_img.shape[1], c] * (1 - alpha)
         ~~~~~~~~~~~~~~~~~~~~~~~~~~~~~~~~~~~~~~~~~~^~~~~~~~~~~~~
ValueError: operands could not be broadcast together with shapes (267,537) (1024,768) 
Bad Request: /static-tryon/
C:\Users\lenovo\Desktop\office project\bodyapp\detector\views.py changed, reloading.
Watching for file changes with StatReloader
C:\Users\lenovo\Desktop\office project\bodyapp\detector\views.py changed, reloading.
Watching for file changes with StatReloader
Loading YOLO models...
YOLO models loaded successfully
C:\Users\lenovo\Desktop\office project\bodyapp\detector\views.py changed, reloading.
Watching for file changes with StatReloader
Loading YOLO models...
YOLO models loaded successfully
Not Found: /.well-known/appspecific/com.chrome.devtools.json
Processing image of size: (1024, 768, 3)
Body measurements: {'shoulder_width': 301, 'hip_width': 198, 'torso_height': 460, 'full_height': 903, 'shoulder_height': 317, 'shoulder_center': 407, 'hip_height': 771, 'hip_center': 384}
Clothing resized from (1024, 768, 4) to (481, 361, 4)
Blending failed: 'VirtualTryOnSystem' object has no attribute 'blend_images'
Traceback (most recent call last):
  File "C:\Users\lenovo\Desktop\office project\bodyapp\detector\views.py", line 443, in static_tryon
    result_img = tryon_system.blend_images(
                 ^^^^^^^^^^^^^^^^^^^^^^^^^
AttributeError: 'VirtualTryOnSystem' object has no attribute 'blend_images'
Bad Request: /static-tryon/
Not Found: /.well-known/appspecific/com.chrome.devtools.json
Processing image of size: (1024, 768, 3)
Body measurements: {'shoulder_width': 301, 'hip_width': 198, 'torso_height': 460, 'full_height': 903, 'shoulder_height': 317, 'shoulder_center': 407, 'hip_height': 771, 'hip_center': 384}
Clothing resized from (1024, 768, 4) to (481, 361, 4)
Blending failed: 'VirtualTryOnSystem' object has no attribute 'blend_images'
Traceback (most recent call last):
  File "C:\Users\lenovo\Desktop\office project\bodyapp\detector\views.py", line 443, in static_tryon
    result_img = tryon_system.blend_images(
                 ^^^^^^^^^^^^^^^^^^^^^^^^^
AttributeError: 'VirtualTryOnSystem' object has no attribute 'blend_images'
Bad Request: /static-tryon/
Not Found: /.well-known/appspecific/com.chrome.devtools.json
Processing image of size: (1024, 768, 3)
Body measurements: {'shoulder_width': 251, 'hip_width': 159, 'torso_height': 405, 'full_height': 875, 'shoulder_height': 334, 'shoulder_center': 424, 'hip_height': 735, 'hip_center': 415}
Clothing resized from (1024, 768, 4) to (401, 301, 4)
Blending failed: 'VirtualTryOnSystem' object has no attribute 'blend_images'
Traceback (most recent call last):
  File "C:\Users\lenovo\Desktop\office project\bodyapp\detector\views.py", line 443, in static_tryon
    result_img = tryon_system.blend_images(
                 ^^^^^^^^^^^^^^^^^^^^^^^^^
AttributeError: 'VirtualTryOnSystem' object has no attribute 'blend_images'
Bad Request: /static-tryon/
C:\Users\lenovo\Desktop\office project\bodyapp\detector\views.py changed, reloading.
Watching for file changes with StatReloader
Loading YOLO models...
YOLO models loaded successfully
Not Found: /.well-known/appspecific/com.chrome.devtools.json
Processing image of size: (1024, 768, 3)
Body measurements: {'shoulder_width': 301, 'hip_width': 198, 'torso_height': 460, 'full_height': 903, 'shoulder_height': 317, 'shoulder_center': 407, 'hip_height': 771, 'hip_center': 384}
Clothing resized from (1024, 768, 4) to (481, 361, 4)
Blending failed: 'VirtualTryOnSystem' object has no attribute 'blend_images'
Traceback (most recent call last):
  File "C:\Users\lenovo\Desktop\office project\bodyapp\detector\views.py", line 445, in static_tryon
    clothing_img = tryon_system.process_clothing(
                 ^^^^^^^^^^^^^^^^^^^^^^^^^
AttributeError: 'VirtualTryOnSystem' object has no attribute 'blend_images'
Bad Request: /static-tryon/
C:\Users\lenovo\Desktop\office project\bodyapp\detector\views.py changed, reloading.
Watching for file changes with StatReloader
Loading YOLO models...
YOLO models loaded successfully
C:\Users\lenovo\Desktop\office project\bodyapp\detector\views.py changed, reloading.
Watching for file changes with StatReloader
Loading YOLO models...
YOLO models loaded successfully
C:\Users\lenovo\Desktop\office project\bodyapp\detector\views.py changed, reloading.
Watching for file changes with StatReloader
C:\Users\lenovo\Desktop\office project\bodyapp\detector\views.py changed, reloading.
Watching for file changes with StatReloader
C:\Users\lenovo\Desktop\office project\bodyapp\detector\views.py changed, reloading.
Watching for file changes with StatReloader
Loading YOLO models...
YOLO models loaded successfully
C:\Users\lenovo\Desktop\office project\bodyapp\detector\views.py changed, reloading.
Watching for file changes with StatReloader
Loading YOLO models...
YOLO models loaded successfully
C:\Users\lenovo\Desktop\office project\bodyapp\detector\views.py changed, reloading.
Watching for file changes with StatReloader
Loading YOLO models...
YOLO models loaded successfully
C:\Users\lenovo\Desktop\office project\bodyapp\detector\views.py changed, reloading.
Watching for file changes with StatReloader
C:\Users\lenovo\Desktop\office project\bodyapp\detector\views.py changed, reloading.
Watching for file changes with StatReloader
C:\Users\lenovo\Desktop\office project\bodyapp\detector\views.py changed, reloading.
Watching for file changes with StatReloader
C:\Users\lenovo\Desktop\office project\bodyapp\detector\views.py changed, reloading.
Watching for file changes with StatReloader
Loading YOLO models...
YOLO models loaded successfully
C:\Users\lenovo\Desktop\office project\bodyapp\detector\views.py changed, reloading.
Watching for file changes with StatReloader
Loading YOLO models...
YOLO models loaded successfully
C:\Users\lenovo\Desktop\office project\bodyapp\detector\views.py changed, reloading.
Watching for file changes with StatReloader
Loading YOLO models...
YOLO models loaded successfully
C:\Users\lenovo\Desktop\office project\bodyapp\detector\views.py changed, reloading.
Watching for file changes with StatReloader
Loading YOLO models...
YOLO models loaded successfully
Watching for file changes with StatReloader
Loading YOLO models...
YOLO models loaded successfully
Not Found: /test-models/
Not Found: /favicon.ico
Not Found: /.well-known/appspecific/com.chrome.devtools.json
Processing image of size: (1024, 768, 3)
Body measurements: {'shoulder_width': 264, 'hip_width': 170, 'torso_height': 434, 'full_height': 838, 'shoulder_height': 354, 'shoulder_center': 391, 'hip_height': 775, 'hip_center': 333}
Clothing resized from (1024, 768, 4) to (422, 316, 4)
Blending failed: 'VirtualTryOnSystem' object has no attribute 'blend_images'
Traceback (most recent call last):
  File "C:\Users\lenovo\Desktop\office project\bodyapp\detector\views.py", line 561, in static_tryon
    result_img = tryon_system.blend_images(
                 ^^^^^^^^^^^^^^^^^^^^^^^^^
AttributeError: 'VirtualTryOnSystem' object has no attribute 'blend_images'
Bad Request: /static-tryon/
C:\Users\lenovo\Desktop\office project\bodyapp\detector\views.py changed, reloading.
Watching for file changes with StatReloader
Loading YOLO models...
YOLO models loaded successfully
C:\Users\lenovo\Desktop\office project\bodyapp\detector\views.py changed, reloading.
Watching for file changes with StatReloader
Loading YOLO models...
YOLO models loaded successfully
C:\Users\lenovo\Desktop\office project\bodyapp\detector\views.py changed, reloading.
Watching for file changes with StatReloader
Loading YOLO models...
YOLO models loaded successfully
Not Found: /test-models/
Not Found: /favicon.ico
Processing image of size: (1024, 768, 3)
Body measurements: {'shoulder_width': 301, 'hip_width': 198, 'torso_height': 460, 'full_height': 903, 'shoulder_height': 317, 'shoulder_center': 407, 'hip_height': 771, 'hip_center': 384}
Clothing resized from (799, 900, 4) to (210, 237, 4)
Blending failed: 'VirtualTryOnSystem' object has no attribute 'blend_images'
Traceback (most recent call last):
  File "C:\Users\lenovo\Desktop\office project\bodyapp\detector\views.py", line 595, in static_tryon
    result_img = tryon_system.blend_images(
                 ^^^^^^^^^^^^^^^^^^^^^^^^^
AttributeError: 'VirtualTryOnSystem' object has no attribute 'blend_images'
Bad Request: /static-tryon/
Not Found: /.well-known/appspecific/com.chrome.devtools.json
Processing image of size: (1024, 768, 3)
Body measurements: {'shoulder_width': 301, 'hip_width': 198, 'torso_height': 460, 'full_height': 903, 'shoulder_height': 317, 'shoulder_center': 407, 'hip_height': 771, 'hip_center': 384}
Clothing resized from (799, 900, 4) to (210, 237, 4)
Blending failed: 'VirtualTryOnSystem' object has no attribute 'blend_images'
Traceback (most recent call last):
  File "C:\Users\lenovo\Desktop\office project\bodyapp\detector\views.py", line 595, in static_tryon
    result_img = tryon_system.blend_images(
                 ^^^^^^^^^^^^^^^^^^^^^^^^^
AttributeError: 'VirtualTryOnSystem' object has no attribute 'blend_images'
Bad Request: /static-tryon/
C:\Users\lenovo\Desktop\office project\bodyapp\detector\views.py changed, reloading.
Watching for file changes with StatReloader
C:\Users\lenovo\Desktop\office project\bodyapp\detector\views.py changed, reloading.
Watching for file changes with StatReloader
Loading YOLO models...
YOLO models loaded successfully
C:\Users\lenovo\Desktop\office project\bodyapp\detector\views.py changed, reloading.
Watching for file changes with StatReloader
C:\Users\lenovo\Desktop\office project\bodyapp\detector\views.py changed, reloading.
Watching for file changes with StatReloader
Loading YOLO models...
YOLO models loaded successfully
C:\Users\lenovo\Desktop\office project\bodyapp\bodyapp\urls.py changed, reloading.
Watching for file changes with StatReloader
Loading YOLO models...
YOLO models loaded successfully
C:\Users\lenovo\Desktop\office project\bodyapp\bodyapp\urls.py changed, reloading.
Watching for file changes with StatReloader
Loading YOLO models...
YOLO models loaded successfully
C:\Users\lenovo\Desktop\office project\bodyapp\detector\views.py changed, reloading.
Watching for file changes with StatReloader
Loading YOLO models...
YOLO models loaded successfully
Not Found: /test-models/
Not Found: /favicon.ico
Processing image of size: (1024, 768, 3)
Body measurements: {'shoulder_width': 251, 'hip_width': 159, 'torso_height': 405, 'full_height': 875, 'shoulder_height': 334, 'shoulder_center': 424, 'hip_height': 735, 'hip_center': 415}
Clothing resized from (1024, 768, 4) to (401, 301, 4)
Blending failed: 'VirtualTryOnSystem' object has no attribute 'blend_images'
Traceback (most recent call last):
  File "C:\Users\lenovo\Desktop\office project\bodyapp\detector\views.py", line 630, in static_tryon
    result_img = tryon_system.blend_images(
                 ^^^^^^^^^^^^^^^^^^^^^^^^^
AttributeError: 'VirtualTryOnSystem' object has no attribute 'blend_images'
Bad Request: /static-tryon/
C:\Users\lenovo\Desktop\office project\bodyapp\bodyapp\settings.py changed, reloading.
Watching for file changes with StatReloader
Loading YOLO models...
YOLO models loaded successfully
C:\Users\lenovo\Desktop\office project\bodyapp\bodyapp\urls.py changed, reloading.
Watching for file changes with StatReloader
Loading YOLO models...
YOLO models loaded successfully
C:\Users\lenovo\Desktop\office project\bodyapp\bodyapp\urls.py changed, reloading.
Watching for file changes with StatReloader
Loading YOLO models...
YOLO models loaded successfully
C:\Users\lenovo\Desktop\office project\bodyapp\bodyapp\urls.py changed, reloading.
Watching for file changes with StatReloader
Loading YOLO models...
YOLO models loaded successfully
C:\Users\lenovo\Desktop\office project\bodyapp\bodyapp\urls.py changed, reloading.
Watching for file changes with StatReloader
Loading YOLO models...
YOLO models loaded successfully
C:\Users\lenovo\Desktop\office project\bodyapp\bodyapp\urls.py changed, reloading.
Watching for file changes with StatReloader
Loading YOLO models...
YOLO models loaded successfully
C:\Users\lenovo\Desktop\office project\bodyapp\bodyapp\urls.py changed, reloading.
Watching for file changes with StatReloader
Loading YOLO models...
YOLO models loaded successfully
C:\Users\lenovo\Desktop\office project\bodyapp\bodyapp\urls.py changed, reloading.
Watching for file changes with StatReloader
C:\Users\lenovo\Desktop\office project\bodyapp\bodyapp\urls.py changed, reloading.
Watching for file changes with StatReloader
C:\Users\lenovo\Desktop\office project\bodyapp\bodyapp\urls.py changed, reloading.
Watching for file changes with StatReloader
C:\Users\lenovo\Desktop\office project\bodyapp\bodyapp\urls.py changed, reloading.
Watching for file changes with StatReloader
C:\Users\lenovo\Desktop\office project\bodyapp\bodyapp\urls.py changed, reloading.
Watching for file changes with StatReloader
Loading YOLO models...
YOLO models loaded successfully
C:\Users\lenovo\Desktop\office project\bodyapp\bodyapp\urls.py changed, reloading.
Watching for file changes with StatReloader
Loading YOLO models...
YOLO models loaded successfully
Not Found: /test-models/
Not Found: /favicon.ico
Processing image of size: (1024, 768, 3)
Body measurements: {'shoulder_width': 262, 'hip_width': 171, 'torso_height': 374, 'full_height': 868, 'shoulder_height': 305, 'shoulder_center': 407, 'hip_height': 676, 'hip_center': 406}
Clothing resized from (799, 900, 4) to (182, 205, 4)
Blending failed: 'VirtualTryOnSystem' object has no attribute 'blend_images'
Traceback (most recent call last):
  File "C:\Users\lenovo\Desktop\office project\bodyapp\detector\views.py", line 630, in static_tryon
    result_img = tryon_system.blend_images(
                 ^^^^^^^^^^^^^^^^^^^^^^^^^
AttributeError: 'VirtualTryOnSystem' object has no attribute 'blend_images'
Bad Request: /static-tryon/
C:\Users\lenovo\Desktop\office project\bodyapp\detector\views.py changed, reloading.
Watching for file changes with StatReloader
C:\Users\lenovo\Desktop\office project\bodyapp\detector\views.py changed, reloading.
Watching for file changes with StatReloader
C:\Users\lenovo\Desktop\office project\bodyapp\detector\views.py changed, reloading.
Watching for file changes with StatReloader
C:\Users\lenovo\Desktop\office project\bodyapp\detector\views.py changed, reloading.
Watching for file changes with StatReloader
C:\Users\lenovo\Desktop\office project\bodyapp\detector\views.py changed, reloading.
Watching for file changes with StatReloader
C:\Users\lenovo\Desktop\office project\bodyapp\detector\views.py changed, reloading.
Watching for file changes with StatReloader
Loading YOLO models...
YOLO models loaded successfully
C:\Users\lenovo\Desktop\office project\bodyapp\detector\views.py changed, reloading.
Watching for file changes with StatReloader
C:\Users\lenovo\Desktop\office project\bodyapp\detector\views.py changed, reloading.
Watching for file changes with StatReloader
C:\Users\lenovo\Desktop\office project\bodyapp\detector\views.py changed, reloading.
Watching for file changes with StatReloader
Loading YOLO models...
YOLO models loaded successfully
C:\Users\lenovo\Desktop\office project\bodyapp\detector\views.py changed, reloading.
Watching for file changes with StatReloader
C:\Users\lenovo\Desktop\office project\bodyapp\detector\views.py changed, reloading.
Watching for file changes with StatReloader
C:\Users\lenovo\Desktop\office project\bodyapp\detector\views.py changed, reloading.
Watching for file changes with StatReloader
Loading YOLO models...
YOLO models loaded successfully
C:\Users\lenovo\Desktop\office project\bodyapp\detector\views.py changed, reloading.
Watching for file changes with StatReloader
Loading YOLO models...
YOLO models loaded successfully
C:\Users\lenovo\Desktop\office project\bodyapp\detector\views.py changed, reloading.
Watching for file changes with StatReloader
Loading YOLO models...
YOLO models loaded successfully
C:\Users\lenovo\Desktop\office project\bodyapp\detector\views.py changed, reloading.
Watching for file changes with StatReloader
Loading YOLO models...
YOLO models loaded successfully
C:\Users\lenovo\Desktop\office project\bodyapp\detector\views.py changed, reloading.
Watching for file changes with StatReloader
Loading YOLO models...
YOLO models loaded successfully
C:\Users\lenovo\Desktop\office project\bodyapp\detector\views.py changed, reloading.
Watching for file changes with StatReloader
C:\Users\lenovo\Desktop\office project\bodyapp\detector\views.py changed, reloading.
Watching for file changes with StatReloader
C:\Users\lenovo\Desktop\office project\bodyapp\detector\views.py changed, reloading.
Watching for file changes with StatReloader
C:\Users\lenovo\Desktop\office project\bodyapp\detector\views.py changed, reloading.
Watching for file changes with StatReloader
C:\Users\lenovo\Desktop\office project\bodyapp\detector\views.py changed, reloading.
Watching for file changes with StatReloader
C:\Users\lenovo\Desktop\office project\bodyapp\detector\views.py changed, reloading.
Watching for file changes with StatReloader
C:\Users\lenovo\Desktop\office project\bodyapp\detector\views.py changed, reloading.
Watching for file changes with StatReloader
Loading YOLO models...
YOLO models loaded successfully
C:\Users\lenovo\Desktop\office project\bodyapp\detector\views.py changed, reloading.
Watching for file changes with StatReloader
Loading YOLO models...
YOLO models loaded successfully
C:\Users\lenovo\Desktop\office project\bodyapp\detector\views.py changed, reloading.
Watching for file changes with StatReloader
Loading YOLO models...
YOLO models loaded successfully
Not Found: /test-models/
Processing image of size: (1024, 768, 3)
Clothing resized from (1024, 768, 4) to (457, 343, 4)
Blending failed: 'VirtualTryOnSystem' object has no attribute 'blend_images'
Traceback (most recent call last):
  File "C:\Users\lenovo\Desktop\office project\bodyapp\detector\views.py", line 681, in static_tryon
    result_img = tryon_system.blend_images(
                 ^^^^^^^^^^^^^^^^^^^^^^^^^
AttributeError: 'VirtualTryOnSystem' object has no attribute 'blend_images'
Bad Request: /static-tryon/
C:\Users\lenovo\Desktop\office project\bodyapp\detector\views.py changed, reloading.
Watching for file changes with StatReloader
Loading YOLO models...
YOLO models loaded successfully
Watching for file changes with StatReloader
Loading YOLO models...
YOLO models loaded successfully
Not Found: /test-models/
Not Found: /favicon.ico
Processing image of size: (1024, 768, 3)
Clothing resized from (799, 900, 4) to (169, 190, 4)
Starting blending process
Result saved successfully at C:\Users\lenovo\Desktop\office project\bodyapp\media\tryon_results\result_20250811_033146_5907.jpg
Processing image of size: (1024, 768, 3)
Clothing resized from (1024, 768, 4) to (435, 326, 4)
Starting blending process
Result saved successfully at C:\Users\lenovo\Desktop\office project\bodyapp\media\tryon_results\result_20250811_033222_7815.jpg
Processing image of size: (1024, 768, 3)
Clothing resized from (1024, 768, 4) to (435, 326, 4)
Starting blending process
Result saved successfully at C:\Users\lenovo\Desktop\office project\bodyapp\media\tryon_results\result_20250811_033229_8521.jpg
Processing image of size: (1024, 768, 3)
Clothing resized from (1024, 768, 4) to (435, 326, 4)
Starting blending process
Result saved successfully at C:\Users\lenovo\Desktop\office project\bodyapp\media\tryon_results\result_20250811_033232_8222.jpg
Processing image of size: (1024, 768, 3)
Clothing resized from (799, 900, 4) to (169, 190, 4)
Starting blending process
Result saved successfully at C:\Users\lenovo\Desktop\office project\bodyapp\media\tryon_results\result_20250811_033237_3620.jpg
Processing image of size: (1024, 768, 3)
Clothing resized from (1024, 768, 4) to (435, 326, 4)
Starting blending process
Result saved successfully at C:\Users\lenovo\Desktop\office project\bodyapp\media\tryon_results\result_20250811_033248_7517.jpg
Processing image of size: (1024, 768, 3)
Clothing resized from (1024, 768, 4) to (454, 340, 4)
Starting blending process
Result saved successfully at C:\Users\lenovo\Desktop\office project\bodyapp\media\tryon_results\result_20250811_033611_3557.jpg
Processing image of size: (1024, 768, 3)
Clothing resized from (1024, 768, 4) to (454, 340, 4)
Starting blending process
Result saved successfully at C:\Users\lenovo\Desktop\office project\bodyapp\media\tryon_results\result_20250811_033714_2119.jpg
Processing image of size: (1024, 768, 3)
Clothing resized from (1024, 768, 4) to (454, 340, 4)
Starting blending process
Result saved successfully at C:\Users\lenovo\Desktop\office project\bodyapp\media\tryon_results\result_20250811_033722_7749.jpg
Processing image of size: (1024, 768, 3)
Clothing resized from (799, 900, 4) to (182, 205, 4)
Starting blending process
Result saved successfully at C:\Users\lenovo\Desktop\office project\bodyapp\media\tryon_results\result_20250811_033726_4620.jpg
Processing image of size: (1024, 768, 3)
Clothing resized from (1024, 768, 4) to (454, 340, 4)
Starting blending process
Result saved successfully at C:\Users\lenovo\Desktop\office project\bodyapp\media\tryon_results\result_20250811_033747_8279.jpg
Processing image of size: (1024, 768, 3)
Clothing resized from (1024, 768, 4) to (454, 340, 4)
Starting blending process
Result saved successfully at C:\Users\lenovo\Desktop\office project\bodyapp\media\tryon_results\result_20250811_033751_5344.jpg
Processing image of size: (1024, 768, 3)
Clothing resized from (799, 900, 4) to (182, 205, 4)
Starting blending process
Result saved successfully at C:\Users\lenovo\Desktop\office project\bodyapp\media\tryon_results\result_20250811_033753_9683.jpg
Processing image of size: (1024, 768, 3)
Clothing resized from (1024, 768, 4) to (454, 340, 4)
Starting blending process
Result saved successfully at C:\Users\lenovo\Desktop\office project\bodyapp\media\tryon_results\result_20250811_034056_8098.jpg
Processing image of size: (1024, 768, 3)
Clothing resized from (577, 433, 4) to (273, 205, 4)
Starting blending process
Result saved successfully at C:\Users\lenovo\Desktop\office project\bodyapp\media\tryon_results\result_20250811_034408_2744.jpg
Processing image of size: (1024, 768, 3)
Clothing resized from (577, 433, 4) to (273, 205, 4)
Starting blending process
Result saved successfully at C:\Users\lenovo\Desktop\office project\bodyapp\media\tryon_results\result_20250811_034435_1390.jpg
Not Found: /debug-tryon/
Not Found: /debug-tryon/
Not Found: /debug-tryon/
Not Found: /debug-tryon/
Watching for file changes with StatReloader
Loading YOLO models...
YOLO models loaded successfully
Not Found: /test-models/
Not Found: /favicon.ico
Processing image of size: (1024, 768, 3)
Processing image of size: (1024, 768, 3)
Processing image of size: (1024, 768, 3)
Processing image of size: (1024, 768, 3)
Processing image of size: (1024, 768, 3)
Clothing resized from (577, 433, 4) to (279, 210, 4)
Starting blending process
Result saved successfully at C:\Users\lenovo\Desktop\office project\bodyapp\media\tryon_results\result_20250811_040321_5655.jpg
Processing image of size: (1024, 768, 3)
Processing image of size: (1024, 768, 3)
Processing image of size: (1024, 768, 3)
Clothing resized from (1024, 768, 4) to (435, 326, 4)
Starting blending process
Result saved successfully at C:\Users\lenovo\Desktop\office project\bodyapp\media\tryon_results\result_20250811_040901_9968.jpg
Processing image of size: (1024, 768, 3)
Clothing resized from (577, 433, 4) to (254, 190, 4)
Starting blending process
Result saved successfully at C:\Users\lenovo\Desktop\office project\bodyapp\media\tryon_results\result_20250811_040911_6335.jpg
Processing image of size: (1024, 768, 3)
Clothing resized from (799, 900, 4) to (169, 190, 4)
Starting blending process
Result saved successfully at C:\Users\lenovo\Desktop\office project\bodyapp\media\tryon_results\result_20250811_040919_8045.jpg
Processing image of size: (1024, 768, 3)
Clothing resized from (1024, 768, 4) to (435, 326, 4)
Starting blending process
Result saved successfully at C:\Users\lenovo\Desktop\office project\bodyapp\media\tryon_results\result_20250811_040922_5343.jpg
C:\Users\lenovo\Desktop\office project\bodyapp\detector\views.py changed, reloading.
Watching for file changes with StatReloader
C:\Users\lenovo\Desktop\office project\bodyapp\detector\views.py changed, reloading.
Watching for file changes with StatReloader
Loading YOLO models...
YOLO models loaded successfully
C:\Users\lenovo\Desktop\office project\bodyapp\detector\views.py changed, reloading.
Watching for file changes with StatReloader
C:\Users\lenovo\Desktop\office project\bodyapp\detector\views.py changed, reloading.
Watching for file changes with StatReloader
Loading YOLO models...
YOLO models loaded successfully
C:\Users\lenovo\Desktop\office project\bodyapp\detector\views.py changed, reloading.
Watching for file changes with StatReloader
C:\Users\lenovo\Desktop\office project\bodyapp\detector\views.py changed, reloading.
Watching for file changes with StatReloader
Loading YOLO models...
YOLO models loaded successfully
C:\Users\lenovo\Desktop\office project\bodyapp\detector\views.py changed, reloading.
Watching for file changes with StatReloader
C:\Users\lenovo\Desktop\office project\bodyapp\detector\views.py changed, reloading.
Watching for file changes with StatReloader
C:\Users\lenovo\Desktop\office project\bodyapp\detector\views.py changed, reloading.
Watching for file changes with StatReloader
C:\Users\lenovo\Desktop\office project\bodyapp\detector\views.py changed, reloading.
Watching for file changes with StatReloader
C:\Users\lenovo\Desktop\office project\bodyapp\detector\views.py changed, reloading.
Watching for file changes with StatReloader
C:\Users\lenovo\Desktop\office project\bodyapp\detector\views.py changed, reloading.
Watching for file changes with StatReloader
C:\Users\lenovo\Desktop\office project\bodyapp\detector\views.py changed, reloading.
Watching for file changes with StatReloader
C:\Users\lenovo\Desktop\office project\bodyapp\detector\views.py changed, reloading.
Watching for file changes with StatReloader
C:\Users\lenovo\Desktop\office project\bodyapp\detector\views.py changed, reloading.
Watching for file changes with StatReloader
C:\Users\lenovo\Desktop\office project\bodyapp\detector\views.py changed, reloading.
Watching for file changes with StatReloader
Loading YOLO models...
YOLO models loaded successfully
C:\Users\lenovo\Desktop\office project\bodyapp\detector\views.py changed, reloading.
Watching for file changes with StatReloader
C:\Users\lenovo\Desktop\office project\bodyapp\detector\views.py changed, reloading.
Watching for file changes with StatReloader
C:\Users\lenovo\Desktop\office project\bodyapp\detector\views.py changed, reloading.
Watching for file changes with StatReloader
C:\Users\lenovo\Desktop\office project\bodyapp\detector\views.py changed, reloading.
Watching for file changes with StatReloader
C:\Users\lenovo\Desktop\office project\bodyapp\detector\views.py changed, reloading.
Watching for file changes with StatReloader
C:\Users\lenovo\Desktop\office project\bodyapp\detector\views.py changed, reloading.
Watching for file changes with StatReloader
Loading YOLO models...
YOLO models loaded successfully
C:\Users\lenovo\Desktop\office project\bodyapp\detector\views.py changed, reloading.
Watching for file changes with StatReloader
C:\Users\lenovo\Desktop\office project\bodyapp\detector\views.py changed, reloading.
Watching for file changes with StatReloader
Loading YOLO models...
YOLO models loaded successfully
C:\Users\lenovo\Desktop\office project\bodyapp\detector\views.py changed, reloading.
Watching for file changes with StatReloader
Loading YOLO models...
YOLO models loaded successfully
Not Found: /test-models/
Processing image of size: (1024, 768, 3)
Processing image of size: (1024, 768, 3)
Clothing resized from (799, 900, 4) to (210, 237, 4)
Starting blending process
Result saved successfully at C:\Users\lenovo\Desktop\office project\bodyapp\media\tryon_results\result_20250811_044001_6811.jpg
Processing image of size: (1024, 768, 3)
Clothing resized from (577, 433, 4) to (316, 237, 4)
Starting blending process
Adjusted clothing height to fit
Result saved successfully at C:\Users\lenovo\Desktop\office project\bodyapp\media\tryon_results\result_20250811_044238_9349.jpg
Processing image of size: (1024, 768, 3)
Clothing resized from (1024, 768, 4) to (521, 391, 4)
Starting blending process
Result saved successfully at C:\Users\lenovo\Desktop\office project\bodyapp\media\tryon_results\result_20250811_044242_4387.jpg
Processing image of size: (1024, 768, 3)
Clothing resized from (1024, 768, 4) to (521, 391, 4)
Starting blending process
Result saved successfully at C:\Users\lenovo\Desktop\office project\bodyapp\media\tryon_results\result_20250811_044255_6522.jpg
Processing image of size: (1024, 768, 3)
Clothing resized from (1024, 768, 4) to (521, 391, 4)
Starting blending process
Result saved successfully at C:\Users\lenovo\Desktop\office project\bodyapp\media\tryon_results\result_20250811_044258_5044.jpg
Watching for file changes with StatReloader
Loading enhanced YOLO models...
Enhanced YOLO models loaded successfully
Not Found: /test-models/
Not Found: /favicon.ico
Processing image of size: (1024, 768, 3)
Bad Request: /debug-tryon/
Processing image of size: (1024, 768, 3)
Clothing resized from (799, 900, 4) to (176, 199, 4)
Starting blending process
Blending failed: Position calculation failed: The truth value of an array with more than one element is ambiguous. Use a.any() or a.all()
Traceback (most recent call last):
  File "C:\Users\lenovo\Desktop\office project\bodyapp\detector\views.py", line 396, in blend_images
    position = self.calculate_garment_position(keypoints, clothing_type, clothing_img)
  File "C:\Users\lenovo\Desktop\office project\bodyapp\detector\views.py", line 160, in calculate_garment_position
    if left_hip and right_hip:
       ^^^^^^^^
ValueError: The truth value of an array with more than one element is ambiguous. Use a.any() or a.all()

During handling of the above exception, another exception occurred:

Traceback (most recent call last):
  File "C:\Users\lenovo\Desktop\office project\bodyapp\detector\views.py", line 416, in blend_images
    raise ValueError(f"Position calculation failed: {str(e)}")
ValueError: Position calculation failed: The truth value of an array with more than one element is ambiguous. Use a.any() or a.all()
Blending failed: Blending failed: Position calculation failed: The truth value of an array with more than one element is ambiguous. Use a.any() or a.all()
Traceback (most recent call last):
  File "C:\Users\lenovo\Desktop\office project\bodyapp\detector\views.py", line 396, in blend_images
    position = self.calculate_garment_position(keypoints, clothing_type, clothing_img)
  File "C:\Users\lenovo\Desktop\office project\bodyapp\detector\views.py", line 160, in calculate_garment_position
    if left_hip and right_hip:
       ^^^^^^^^
ValueError: The truth value of an array with more than one element is ambiguous. Use a.any() or a.all()

During handling of the above exception, another exception occurred:

Traceback (most recent call last):
  File "C:\Users\lenovo\Desktop\office project\bodyapp\detector\views.py", line 416, in blend_images
    raise ValueError(f"Position calculation failed: {str(e)}")
ValueError: Position calculation failed: The truth value of an array with more than one element is ambiguous. Use a.any() or a.all()

During handling of the above exception, another exception occurred:

Traceback (most recent call last):
  File "C:\Users\lenovo\Desktop\office project\bodyapp\detector\views.py", line 760, in static_tryon
    result_img = tryon_system.blend_images(
        person_img,
    ...<3 lines>...
        segmentation_mask
    )
  File "C:\Users\lenovo\Desktop\office project\bodyapp\detector\views.py", line 510, in blend_images
    raise ValueError(f"Blending failed: {str(e)}")
ValueError: Blending failed: Position calculation failed: The truth value of an array with more than one element is ambiguous. Use a.any() or a.all()
Bad Request: /static-tryon/
Not Found: /test-models/
Processing image of size: (1024, 768, 3)
Bad Request: /debug-tryon/
Processing image of size: (1024, 768, 3)
Clothing resized from (1024, 768, 4) to (552, 414, 4)
Starting blending process
Blending failed: Position calculation failed: The truth value of an array with more than one element is ambiguous. Use a.any() or a.all()
Traceback (most recent call last):
  File "C:\Users\lenovo\Desktop\office project\bodyapp\detector\views.py", line 396, in blend_images
    position = self.calculate_garment_position(keypoints, clothing_type, clothing_img)
  File "C:\Users\lenovo\Desktop\office project\bodyapp\detector\views.py", line 146, in calculate_garment_position
    if left_shoulder and right_shoulder:
       ^^^^^^^^^^^^^
ValueError: The truth value of an array with more than one element is ambiguous. Use a.any() or a.all()

During handling of the above exception, another exception occurred:

Traceback (most recent call last):
  File "C:\Users\lenovo\Desktop\office project\bodyapp\detector\views.py", line 416, in blend_images
    raise ValueError(f"Position calculation failed: {str(e)}")
ValueError: Position calculation failed: The truth value of an array with more than one element is ambiguous. Use a.any() or a.all()
Blending failed: Blending failed: Position calculation failed: The truth value of an array with more than one element is ambiguous. Use a.any() or a.all()
Traceback (most recent call last):
  File "C:\Users\lenovo\Desktop\office project\bodyapp\detector\views.py", line 396, in blend_images
    position = self.calculate_garment_position(keypoints, clothing_type, clothing_img)
  File "C:\Users\lenovo\Desktop\office project\bodyapp\detector\views.py", line 146, in calculate_garment_position
    if left_shoulder and right_shoulder:
       ^^^^^^^^^^^^^
ValueError: The truth value of an array with more than one element is ambiguous. Use a.any() or a.all()

During handling of the above exception, another exception occurred:

Traceback (most recent call last):
  File "C:\Users\lenovo\Desktop\office project\bodyapp\detector\views.py", line 416, in blend_images
    raise ValueError(f"Position calculation failed: {str(e)}")
ValueError: Position calculation failed: The truth value of an array with more than one element is ambiguous. Use a.any() or a.all()

During handling of the above exception, another exception occurred:

Traceback (most recent call last):
  File "C:\Users\lenovo\Desktop\office project\bodyapp\detector\views.py", line 760, in static_tryon
    result_img = tryon_system.blend_images(
        person_img,
    ...<3 lines>...
        segmentation_mask
    )
  File "C:\Users\lenovo\Desktop\office project\bodyapp\detector\views.py", line 510, in blend_images
    raise ValueError(f"Blending failed: {str(e)}")
ValueError: Blending failed: Position calculation failed: The truth value of an array with more than one element is ambiguous. Use a.any() or a.all()
Bad Request: /static-tryon/
Processing image of size: (1024, 768, 3)
Clothing resized from (1024, 768, 4) to (552, 414, 4)
Starting blending process
Blending failed: Position calculation failed: The truth value of an array with more than one element is ambiguous. Use a.any() or a.all()
Traceback (most recent call last):
  File "C:\Users\lenovo\Desktop\office project\bodyapp\detector\views.py", line 396, in blend_images
    position = self.calculate_garment_position(keypoints, clothing_type, clothing_img)
  File "C:\Users\lenovo\Desktop\office project\bodyapp\detector\views.py", line 146, in calculate_garment_position
    if left_shoulder and right_shoulder:
       ^^^^^^^^^^^^^
ValueError: The truth value of an array with more than one element is ambiguous. Use a.any() or a.all()

During handling of the above exception, another exception occurred:

Traceback (most recent call last):
  File "C:\Users\lenovo\Desktop\office project\bodyapp\detector\views.py", line 416, in blend_images
    raise ValueError(f"Position calculation failed: {str(e)}")
ValueError: Position calculation failed: The truth value of an array with more than one element is ambiguous. Use a.any() or a.all()
Blending failed: Blending failed: Position calculation failed: The truth value of an array with more than one element is ambiguous. Use a.any() or a.all()
Traceback (most recent call last):
  File "C:\Users\lenovo\Desktop\office project\bodyapp\detector\views.py", line 396, in blend_images
    position = self.calculate_garment_position(keypoints, clothing_type, clothing_img)
  File "C:\Users\lenovo\Desktop\office project\bodyapp\detector\views.py", line 146, in calculate_garment_position
    if left_shoulder and right_shoulder:
       ^^^^^^^^^^^^^
ValueError: The truth value of an array with more than one element is ambiguous. Use a.any() or a.all()

During handling of the above exception, another exception occurred:

Traceback (most recent call last):
  File "C:\Users\lenovo\Desktop\office project\bodyapp\detector\views.py", line 416, in blend_images
    raise ValueError(f"Position calculation failed: {str(e)}")
ValueError: Position calculation failed: The truth value of an array with more than one element is ambiguous. Use a.any() or a.all()

During handling of the above exception, another exception occurred:

Traceback (most recent call last):
  File "C:\Users\lenovo\Desktop\office project\bodyapp\detector\views.py", line 760, in static_tryon
    result_img = tryon_system.blend_images(
        person_img,
    ...<3 lines>...
        segmentation_mask
    )
  File "C:\Users\lenovo\Desktop\office project\bodyapp\detector\views.py", line 510, in blend_images
    raise ValueError(f"Blending failed: {str(e)}")
ValueError: Blending failed: Position calculation failed: The truth value of an array with more than one element is ambiguous. Use a.any() or a.all()
Bad Request: /static-tryon/
C:\Users\lenovo\Desktop\office project\bodyapp\detector\views.py changed, reloading.
Watching for file changes with StatReloader
Loading YOLO models...
YOLO models loaded successfully
C:\Users\lenovo\Desktop\office project\bodyapp\detector\views.py changed, reloading.
Watching for file changes with StatReloader
C:\Users\lenovo\Desktop\office project\bodyapp\detector\views.py changed, reloading.
Watching for file changes with StatReloader
Loading YOLO models...
YOLO models loaded successfully
Not Found: /test-models/
Processing image of size: (1024, 768, 3)
Clothing resized from (577, 433, 4) to (273, 205, 4)
Starting blending process
Result saved successfully at C:\Users\lenovo\Desktop\office project\bodyapp\media\tryon_results\result_20250812_003027_5796.jpg
Processing image of size: (1024, 768, 3)
Clothing resized from (799, 900, 4) to (182, 205, 4)
Starting blending process
Result saved successfully at C:\Users\lenovo\Desktop\office project\bodyapp\media\tryon_results\result_20250812_003033_1797.jpg
Processing image of size: (1024, 768, 3)
Clothing resized from (1024, 768, 4) to (454, 340, 4)
Starting blending process
Result saved successfully at C:\Users\lenovo\Desktop\office project\bodyapp\media\tryon_results\result_20250812_003040_4161.jpg
Processing image of size: (1024, 768, 3)
Processing image of size: (1024, 768, 3)
Processing image of size: (1024, 768, 3)
Processing image of size: (1024, 768, 3)
Clothing resized from (1024, 768, 4) to (374, 280, 4)
Starting blending process
Result saved successfully at C:\Users\lenovo\Desktop\office project\bodyapp\media\tryon_results\result_20250812_004401_5968.jpg
Processing image of size: (1024, 768, 3)
Clothing resized from (799, 900, 4) to (161, 182, 4)
Starting blending process
Result saved successfully at C:\Users\lenovo\Desktop\office project\bodyapp\media\tryon_results\result_20250812_004410_9833.jpg
Processing image of size: (1024, 768, 3)
Clothing resized from (1024, 768, 4) to (374, 280, 4)
Starting blending process
Result saved successfully at C:\Users\lenovo\Desktop\office project\bodyapp\media\tryon_results\result_20250812_004533_8523.jpg
C:\Users\lenovo\Desktop\office project\bodyapp\detector\views.py changed, reloading.
Watching for file changes with StatReloader
Loading enhanced YOLO models...
Enhanced YOLO models loaded successfully
Watching for file changes with StatReloader
Loading enhanced YOLO models...
Enhanced YOLO models loaded successfully
Not Found: /test-models/
Not Found: /favicon.ico
Processing image of size: (1024, 768, 3)
Clothing resized from (799, 900, 4) to (235, 265, 4)
Starting blending process
Adjusted clothing height to fit
TPS warping failed: module 'cv2' has no attribute 'createThinPlateSplineShapeTransformer'
Warping failed: module 'cv2' has no attribute 'createThinPlateSplineShapeTransformer'
Result saved successfully at C:\Users\lenovo\Desktop\office project\bodyapp\media\tryon_results\result_20250812_010545_8554.jpg
Processing image of size: (1024, 768, 3)
Clothing resized from (1024, 768, 4) to (552, 414, 4)
Starting blending process
TPS warping failed: module 'cv2' has no attribute 'createThinPlateSplineShapeTransformer'
Warping failed: module 'cv2' has no attribute 'createThinPlateSplineShapeTransformer'
Result saved successfully at C:\Users\lenovo\Desktop\office project\bodyapp\media\tryon_results\result_20250812_010551_3847.jpg
Processing image of size: (1024, 768, 3)
Clothing resized from (1024, 768, 4) to (552, 414, 4)
Starting blending process
TPS warping failed: module 'cv2' has no attribute 'createThinPlateSplineShapeTransformer'
Warping failed: module 'cv2' has no attribute 'createThinPlateSplineShapeTransformer'
Result saved successfully at C:\Users\lenovo\Desktop\office project\bodyapp\media\tryon_results\result_20250812_010604_6717.jpg
Processing image of size: (1024, 768, 3)
Clothing resized from (1024, 768, 4) to (552, 414, 4)
Starting blending process
TPS warping failed: module 'cv2' has no attribute 'createThinPlateSplineShapeTransformer'
Warping failed: module 'cv2' has no attribute 'createThinPlateSplineShapeTransformer'
Result saved successfully at C:\Users\lenovo\Desktop\office project\bodyapp\media\tryon_results\result_20250812_010609_9836.jpg
Processing image of size: (1024, 768, 3)
Processing image of size: (1024, 768, 3)
Clothing resized from (1024, 768, 4) to (552, 414, 4)
Starting blending process
TPS warping failed: module 'cv2' has no attribute 'createThinPlateSplineShapeTransformer'
Warping failed: module 'cv2' has no attribute 'createThinPlateSplineShapeTransformer'
Result saved successfully at C:\Users\lenovo\Desktop\office project\bodyapp\media\tryon_results\result_20250812_010624_5311.jpg
Processing image of size: (1024, 768, 3)
Clothing resized from (1024, 768, 4) to (552, 414, 4)
Starting blending process
TPS warping failed: module 'cv2' has no attribute 'createThinPlateSplineShapeTransformer'
Warping failed: module 'cv2' has no attribute 'createThinPlateSplineShapeTransformer'
Result saved successfully at C:\Users\lenovo\Desktop\office project\bodyapp\media\tryon_results\result_20250812_010732_6151.jpg
Processing image of size: (1024, 768, 3)
Clothing resized from (1024, 768, 4) to (552, 414, 4)
Starting blending process
TPS warping failed: module 'cv2' has no attribute 'createThinPlateSplineShapeTransformer'
Warping failed: module 'cv2' has no attribute 'createThinPlateSplineShapeTransformer'
Result saved successfully at C:\Users\lenovo\Desktop\office project\bodyapp\media\tryon_results\result_20250812_010752_2987.jpg
C:\Users\lenovo\Desktop\office project\bodyapp\detector\views.py changed, reloading.
C:\Users\lenovo\Desktop\office project\bodyapp\detector\views.py changed, reloading.
Watching for file changes with StatReloader
Watching for file changes with StatReloader
C:\Users\lenovo\Desktop\office project\bodyapp\detector\views.py changed, reloading.
C:\Users\lenovo\Desktop\office project\bodyapp\detector\views.py changed, reloading.
Watching for file changes with StatReloader
Watching for file changes with StatReloader
Loading enhanced YOLO models...
Loading enhanced YOLO models...
Enhanced YOLO models loaded successfully
Enhanced YOLO models loaded successfully
C:\Users\lenovo\Desktop\office project\bodyapp\detector\views.py changed, reloading.
C:\Users\lenovo\Desktop\office project\bodyapp\detector\views.py changed, reloading.
Watching for file changes with StatReloader
Watching for file changes with StatReloader
Loading enhanced YOLO models...
Loading enhanced YOLO models...
Enhanced YOLO models loaded successfully
Enhanced YOLO models loaded successfully
Not Found: /test-models/
Processing image of size: (1024, 768, 3)
Clothing resized from (1024, 768, 4) to (552, 414, 4)
Starting blending process
TPS warping failed: module 'cv2' has no attribute 'createThinPlateSplineShapeTransformer'
Warping failed: module 'cv2' has no attribute 'createThinPlateSplineShapeTransformer'
Result saved successfully at C:\Users\lenovo\Desktop\office project\bodyapp\media\tryon_results\result_20250812_011950_1920.jpg
Processing image of size: (1024, 768, 3)
Clothing resized from (1024, 768, 4) to (552, 414, 4)
Starting blending process
TPS warping failed: module 'cv2' has no attribute 'createThinPlateSplineShapeTransformer'
Warping failed: module 'cv2' has no attribute 'createThinPlateSplineShapeTransformer'
Result saved successfully at C:\Users\lenovo\Desktop\office project\bodyapp\media\tryon_results\result_20250812_012001_7363.jpg
C:\Users\lenovo\Desktop\office project\bodyapp\detector\views.py changed, reloading.
C:\Users\lenovo\Desktop\office project\bodyapp\detector\views.py changed, reloading.
Watching for file changes with StatReloader
Watching for file changes with StatReloader
Watching for file changes with StatReloader
Loading enhanced YOLO models...
Enhanced YOLO models loaded successfully
Not Found: /test-models/
Not Found: /favicon.ico
Processing image of size: (1024, 768, 3)
Clothing resized from (1024, 768, 4) to (462, 347, 4)
Starting blending process
TPS warping failed: module 'cv2' has no attribute 'createThinPlateSplineShapeTransformer'
Warping failed: module 'cv2' has no attribute 'createThinPlateSplineShapeTransformer'
Result saved successfully at C:\Users\lenovo\Desktop\office project\bodyapp\media\tryon_results\result_20250812_012312_8151.jpg
C:\Users\lenovo\Desktop\office project\bodyapp\detector\views.py changed, reloading.
Watching for file changes with StatReloader
Loading enhanced YOLO models...
Enhanced YOLO models loaded successfully
Not Found: /test-models/
Processing image of size: (1024, 768, 3)
Clothing resized from (1024, 768, 4) to (552, 414, 4)
Starting blending process
TPS warping failed: module 'cv2' has no attribute 'createThinPlateSplineShapeTransformer'
Warping failed: module 'cv2' has no attribute 'createThinPlateSplineShapeTransformer'
Result saved successfully at C:\Users\lenovo\Desktop\office project\bodyapp\media\tryon_results\result_20250812_012909_8582.jpg
Processing image of size: (1024, 768, 3)
Clothing resized from (1024, 768, 4) to (552, 414, 4)
Starting blending process
TPS warping failed: module 'cv2' has no attribute 'createThinPlateSplineShapeTransformer'
Warping failed: module 'cv2' has no attribute 'createThinPlateSplineShapeTransformer'
Result saved successfully at C:\Users\lenovo\Desktop\office project\bodyapp\media\tryon_results\result_20250812_012917_2545.jpg
Processing image of size: (1024, 768, 3)
C:\Users\lenovo\Desktop\office project\bodyapp\detector\views.py changed, reloading.
Watching for file changes with StatReloader
C:\Users\lenovo\Desktop\office project\bodyapp\detector\views.py changed, reloading.
Watching for file changes with StatReloader
Loading enhanced YOLO models...
Enhanced YOLO models loaded successfully
C:\Users\lenovo\Desktop\office project\bodyapp\detector\views.py changed, reloading.
Watching for file changes with StatReloader
C:\Users\lenovo\Desktop\office project\bodyapp\detector\views.py changed, reloading.
Watching for file changes with StatReloader
C:\Users\lenovo\Desktop\office project\bodyapp\detector\views.py changed, reloading.
Watching for file changes with StatReloader
C:\Users\lenovo\Desktop\office project\bodyapp\detector\views.py changed, reloading.
Watching for file changes with StatReloader
C:\Users\lenovo\Desktop\office project\bodyapp\detector\views.py changed, reloading.
Watching for file changes with StatReloader
C:\Users\lenovo\Desktop\office project\bodyapp\detector\views.py changed, reloading.
Watching for file changes with StatReloader
C:\Users\lenovo\Desktop\office project\bodyapp\detector\views.py changed, reloading.
Watching for file changes with StatReloader
C:\Users\lenovo\Desktop\office project\bodyapp\detector\views.py changed, reloading.
Watching for file changes with StatReloader
C:\Users\lenovo\Desktop\office project\bodyapp\detector\views.py changed, reloading.
Watching for file changes with StatReloader
C:\Users\lenovo\Desktop\office project\bodyapp\detector\views.py changed, reloading.
Watching for file changes with StatReloader
C:\Users\lenovo\Desktop\office project\bodyapp\detector\views.py changed, reloading.
Watching for file changes with StatReloader
C:\Users\lenovo\Desktop\office project\bodyapp\detector\views.py changed, reloading.
Watching for file changes with StatReloader
C:\Users\lenovo\Desktop\office project\bodyapp\detector\views.py changed, reloading.
Watching for file changes with StatReloader
C:\Users\lenovo\Desktop\office project\bodyapp\detector\views.py changed, reloading.
Watching for file changes with StatReloader
C:\Users\lenovo\Desktop\office project\bodyapp\detector\views.py changed, reloading.
Watching for file changes with StatReloader
C:\Users\lenovo\Desktop\office project\bodyapp\detector\views.py changed, reloading.
Watching for file changes with StatReloader
C:\Users\lenovo\Desktop\office project\bodyapp\detector\views.py changed, reloading.
Watching for file changes with StatReloader
C:\Users\lenovo\Desktop\office project\bodyapp\detector\views.py changed, reloading.
Watching for file changes with StatReloader
C:\Users\lenovo\Desktop\office project\bodyapp\detector\views.py changed, reloading.
Watching for file changes with StatReloader
C:\Users\lenovo\Desktop\office project\bodyapp\detector\views.py changed, reloading.
Watching for file changes with StatReloader
C:\Users\lenovo\Desktop\office project\bodyapp\detector\views.py changed, reloading.
Watching for file changes with StatReloader
C:\Users\lenovo\Desktop\office project\bodyapp\detector\views.py changed, reloading.
Watching for file changes with StatReloader
C:\Users\lenovo\Desktop\office project\bodyapp\detector\views.py changed, reloading.
Watching for file changes with StatReloader
C:\Users\lenovo\Desktop\office project\bodyapp\detector\views.py changed, reloading.
Watching for file changes with StatReloader
C:\Users\lenovo\Desktop\office project\bodyapp\detector\views.py changed, reloading.
Watching for file changes with StatReloader
C:\Users\lenovo\Desktop\office project\bodyapp\detector\views.py changed, reloading.
Watching for file changes with StatReloader
C:\Users\lenovo\Desktop\office project\bodyapp\detector\views.py changed, reloading.
Watching for file changes with StatReloader
C:\Users\lenovo\Desktop\office project\bodyapp\detector\views.py changed, reloading.
Watching for file changes with StatReloader
C:\Users\lenovo\Desktop\office project\bodyapp\detector\views.py changed, reloading.
Watching for file changes with StatReloader
C:\Users\lenovo\Desktop\office project\bodyapp\detector\views.py changed, reloading.
Watching for file changes with StatReloader
C:\Users\lenovo\Desktop\office project\bodyapp\detector\views.py changed, reloading.
Watching for file changes with StatReloader
C:\Users\lenovo\Desktop\office project\bodyapp\detector\views.py changed, reloading.
Watching for file changes with StatReloader
C:\Users\lenovo\Desktop\office project\bodyapp\detector\views.py changed, reloading.
Watching for file changes with StatReloader
C:\Users\lenovo\Desktop\office project\bodyapp\detector\views.py changed, reloading.
Watching for file changes with StatReloader
C:\Users\lenovo\Desktop\office project\bodyapp\detector\views.py changed, reloading.
Watching for file changes with StatReloader
C:\Users\lenovo\Desktop\office project\bodyapp\detector\views.py changed, reloading.
Watching for file changes with StatReloader
C:\Users\lenovo\Desktop\office project\bodyapp\detector\views.py changed, reloading.
Watching for file changes with StatReloader
C:\Users\lenovo\Desktop\office project\bodyapp\detector\views.py changed, reloading.
Watching for file changes with StatReloader
C:\Users\lenovo\Desktop\office project\bodyapp\detector\views.py changed, reloading.
Watching for file changes with StatReloader
C:\Users\lenovo\Desktop\office project\bodyapp\detector\views.py changed, reloading.
Watching for file changes with StatReloader
C:\Users\lenovo\Desktop\office project\bodyapp\detector\views.py changed, reloading.
Watching for file changes with StatReloader
C:\Users\lenovo\Desktop\office project\bodyapp\detector\views.py changed, reloading.
Watching for file changes with StatReloader
C:\Users\lenovo\Desktop\office project\bodyapp\detector\views.py changed, reloading.
Watching for file changes with StatReloader
C:\Users\lenovo\Desktop\office project\bodyapp\detector\views.py changed, reloading.
Watching for file changes with StatReloader
C:\Users\lenovo\Desktop\office project\bodyapp\detector\views.py changed, reloading.
Watching for file changes with StatReloader
C:\Users\lenovo\Desktop\office project\bodyapp\detector\views.py changed, reloading.
Watching for file changes with StatReloader
C:\Users\lenovo\Desktop\office project\bodyapp\detector\views.py changed, reloading.
Watching for file changes with StatReloader
C:\Users\lenovo\Desktop\office project\bodyapp\detector\views.py changed, reloading.
Watching for file changes with StatReloader
C:\Users\lenovo\Desktop\office project\bodyapp\detector\views.py changed, reloading.
Watching for file changes with StatReloader
C:\Users\lenovo\Desktop\office project\bodyapp\detector\views.py changed, reloading.
Watching for file changes with StatReloader
C:\Users\lenovo\Desktop\office project\bodyapp\detector\views.py changed, reloading.
Watching for file changes with StatReloader
C:\Users\lenovo\Desktop\office project\bodyapp\detector\views.py changed, reloading.
Watching for file changes with StatReloader
C:\Users\lenovo\Desktop\office project\bodyapp\detector\views.py changed, reloading.
Watching for file changes with StatReloader
C:\Users\lenovo\Desktop\office project\bodyapp\detector\views.py changed, reloading.
Watching for file changes with StatReloader
C:\Users\lenovo\Desktop\office project\bodyapp\detector\views.py changed, reloading.
Watching for file changes with StatReloader
C:\Users\lenovo\Desktop\office project\bodyapp\detector\views.py changed, reloading.
Watching for file changes with StatReloader
C:\Users\lenovo\Desktop\office project\bodyapp\detector\views.py changed, reloading.
Watching for file changes with StatReloader
Watching for file changes with StatReloader
C:\Users\lenovo\Desktop\office project\bodyapp\detector\views.py changed, reloading.
Watching for file changes with StatReloader
C:\Users\lenovo\Desktop\office project\bodyapp\detector\views.py changed, reloading.
Watching for file changes with StatReloader
C:\Users\lenovo\Desktop\office project\bodyapp\detector\views.py changed, reloading.
Watching for file changes with StatReloader
Loading YOLO models...
YOLO models loaded successfully
Watching for file changes with StatReloader
Loading YOLO models...
YOLO models loaded successfully
C:\Users\lenovo\Desktop\office project\bodyapp\detector\urls.py changed, reloading.
Watching for file changes with StatReloader
Loading YOLO models...
YOLO models loaded successfully
Not Found: /favicon.ico
Processing image of size: (1024, 768, 3)
Not Found: /static-tryon/
C:\Users\lenovo\Desktop\office project\bodyapp\detector\urls.py changed, reloading.
Watching for file changes with StatReloader
Loading YOLO models...
YOLO models loaded successfully
C:\Users\lenovo\Desktop\office project\bodyapp\detector\urls.py changed, reloading.
Watching for file changes with StatReloader
Loading YOLO models...
YOLO models loaded successfully
C:\Users\lenovo\Desktop\office project\bodyapp\detector\views.py changed, reloading.
Watching for file changes with StatReloader
Loading YOLO models...
YOLO models loaded successfully
Not Found: /static-tryon/
Processing image of size: (1024, 768, 3)
C:\Users\lenovo\Desktop\office project\bodyapp\detector\views.py changed, reloading.
Watching for file changes with StatReloader
Loading YOLO models...
YOLO models loaded successfully
Not Found: /static-tryon/
Processing image of size: (1024, 768, 3)
Watching for file changes with StatReloader
Loading YOLO models...
YOLO models loaded successfully
Not Found: /favicon.ico
C:\Users\lenovo\Desktop\office project\bodyapp\detector\views.py changed, reloading.
C:\Users\lenovo\Desktop\office project\bodyapp\detector\views.py changed, reloading.
Watching for file changes with StatReloader
Watching for file changes with StatReloader
Loading enhanced YOLO models...
Loading enhanced YOLO models...
Enhanced YOLO models loaded successfully
Enhanced YOLO models loaded successfully
C:\Users\lenovo\Desktop\office project\bodyapp\detector\urls.py changed, reloading.
C:\Users\lenovo\Desktop\office project\bodyapp\detector\urls.py changed, reloading.
Watching for file changes with StatReloader
Watching for file changes with StatReloader
Loading enhanced YOLO models...
Loading enhanced YOLO models...
Enhanced YOLO models loaded successfully
Enhanced YOLO models loaded successfully
Not Found: /test-models/
Not Found: /favicon.ico
Processing image of size: (1024, 768, 3)
Clothing resized from (577, 433, 4) to (255, 192, 4)
Starting blending process
TPS warping failed: module 'cv2' has no attribute 'createThinPlateSplineShapeTransformer'
Warping failed: module 'cv2' has no attribute 'createThinPlateSplineShapeTransformer'
Result saved successfully at C:\Users\lenovo\Desktop\office project\bodyapp\media\tryon_results\result_20250812_021932_3864.jpg
Processing image of size: (1024, 768, 3)
Clothing resized from (1024, 768, 4) to (388, 291, 4)
Starting blending process
TPS warping failed: module 'cv2' has no attribute 'createThinPlateSplineShapeTransformer'
Warping failed: module 'cv2' has no attribute 'createThinPlateSplineShapeTransformer'
Result saved successfully at C:\Users\lenovo\Desktop\office project\bodyapp\media\tryon_results\result_20250812_021938_5298.jpg
Processing image of size: (1024, 768, 3)
Clothing resized from (1024, 768, 4) to (388, 291, 4)
Starting blending process
TPS warping failed: module 'cv2' has no attribute 'createThinPlateSplineShapeTransformer'
Warping failed: module 'cv2' has no attribute 'createThinPlateSplineShapeTransformer'
Result saved successfully at C:\Users\lenovo\Desktop\office project\bodyapp\media\tryon_results\result_20250812_021946_8897.jpg
Processing image of size: (1024, 768, 3)
Clothing resized from (1024, 768, 4) to (388, 291, 4)
Starting blending process
TPS warping failed: module 'cv2' has no attribute 'createThinPlateSplineShapeTransformer'
Warping failed: module 'cv2' has no attribute 'createThinPlateSplineShapeTransformer'
Result saved successfully at C:\Users\lenovo\Desktop\office project\bodyapp\media\tryon_results\result_20250812_021959_2866.jpg
Processing image of size: (1024, 768, 3)
Processing image of size: (1024, 768, 3)
Clothing resized from (1024, 768, 4) to (462, 347, 4)
Starting blending process
TPS warping failed: module 'cv2' has no attribute 'createThinPlateSplineShapeTransformer'
Warping failed: module 'cv2' has no attribute 'createThinPlateSplineShapeTransformer'
Result saved successfully at C:\Users\lenovo\Desktop\office project\bodyapp\media\tryon_results\result_20250812_022425_1005.jpg
Processing image of size: (1024, 768, 3)
Watching for file changes with StatReloader
Loading enhanced YOLO models...
Enhanced YOLO models loaded successfully
Not Found: /test-models/
Not Found: /favicon.ico
Processing image of size: (1024, 768, 3)
Clothing resized from (1024, 768, 4) to (422, 317, 4)
Starting blending process
TPS warping failed: module 'cv2' has no attribute 'createThinPlateSplineShapeTransformer'
Warping failed: module 'cv2' has no attribute 'createThinPlateSplineShapeTransformer'
Result saved successfully at C:\Users\lenovo\Desktop\office project\bodyapp\media\tryon_results\result_20250815_020046_2461.jpg
Processing image of size: (1024, 768, 3)
Watching for file changes with StatReloader
Loading enhanced YOLO models...
Enhanced YOLO models loaded successfully
Not Found: /test-models/
Not Found: /favicon.ico
Processing image of size: (1024, 768, 3)
Processing image of size: (1024, 768, 3)
Clothing resized from (1024, 768, 4) to (422, 317, 4)
Starting blending process
TPS warping failed: module 'cv2' has no attribute 'createThinPlateSplineShapeTransformer'
Warping failed: module 'cv2' has no attribute 'createThinPlateSplineShapeTransformer'
Result saved successfully at C:\Users\lenovo\Desktop\office project\bodyapp\media\tryon_results\result_20250825_233700_5719.jpg
Not Found: /test-models/
Not Found: /favicon.ico
Processing image of size: (1024, 768, 3)
Clothing resized from (1024, 768, 4) to (454, 340, 4)
Starting blending process
TPS warping failed: module 'cv2' has no attribute 'createThinPlateSplineShapeTransformer'
Warping failed: module 'cv2' has no attribute 'createThinPlateSplineShapeTransformer'
Result saved successfully at C:\Users\lenovo\Desktop\office project\bodyapp\media\tryon_results\result_20250825_234341_2427.jpg
C:\Users\lenovo\Desktop\office project\bodyapp\detector\views.py changed, reloading.
Watching for file changes with StatReloader
Loading enhanced YOLO models...
Enhanced YOLO models loaded successfully
Not Found: /test-models/
Clothing resized from (1024, 768, 4) to (412, 309, 4)
Starting blending process
TPS warping failed: module 'cv2' has no attribute 'createThinPlateSplineShapeTransformer'
Warping failed: module 'cv2' has no attribute 'createThinPlateSplineShapeTransformer'
Result saved successfully at C:\Users\lenovo\Desktop\office project\bodyapp\media\tryon_results\result_20250826_001220_7767.jpg
Not Found: /test-models/
Clothing resized from (1024, 768, 4) to (450, 338, 4)
Starting blending process
TPS warping failed: module 'cv2' has no attribute 'createThinPlateSplineShapeTransformer'
Warping failed: module 'cv2' has no attribute 'createThinPlateSplineShapeTransformer'
Result saved successfully at C:\Users\lenovo\Desktop\office project\bodyapp\media\tryon_results\result_20250826_002111_6698.jpg
C:\Users\lenovo\Desktop\office project\bodyapp\detector\urls.py changed, reloading.
Watching for file changes with StatReloader
Loading enhanced YOLO models...
Enhanced YOLO models loaded successfully
Not Found: /favicon.ico
Clothing resized from (1024, 768, 4) to (442, 331, 4)
Starting blending process
TPS warping failed: module 'cv2' has no attribute 'createThinPlateSplineShapeTransformer'
Warping failed: module 'cv2' has no attribute 'createThinPlateSplineShapeTransformer'
Result saved successfully at C:\Users\lenovo\Desktop\office project\bodyapp\media\tryon_results\result_20250826_002302_8335.jpg
C:\Users\lenovo\Desktop\office project\bodyapp\detector\views.py changed, reloading.
Watching for file changes with StatReloader
Loading enhanced YOLO models...
Enhanced YOLO models loaded successfully
C:\Users\lenovo\Desktop\office project\bodyapp\detector\urls.py changed, reloading.
Watching for file changes with StatReloader
Loading enhanced YOLO models...
Enhanced YOLO models loaded successfully
Watching for file changes with StatReloader
Loading enhanced YOLO models...
Enhanced YOLO models loaded successfully
Not Found: /favicon.ico
Clothing resized from (1024, 768, 4) to (537, 403, 4)
Pose warping failed: module 'cv2' has no attribute 'createThinPlateSplineShapeTransformer'
Shadow effect failed: module 'cv2' has no attribute 'CCOLOR_LAB2BGR'
Result saved successfully at C:\Users\lenovo\Desktop\office project\bodyapp\media\tryon_results\result_20250826_005344_1385.jpg
Clothing resized from (1024, 768, 4) to (537, 403, 4)
Pose warping failed: module 'cv2' has no attribute 'createThinPlateSplineShapeTransformer'
Shadow effect failed: module 'cv2' has no attribute 'CCOLOR_LAB2BGR'
Result saved successfully at C:\Users\lenovo\Desktop\office project\bodyapp\media\tryon_results\result_20250826_005357_1305.jpg
Bad Request: /debug-pose/
Clothing resized from (1024, 768, 4) to (412, 309, 4)
Pose warping failed: module 'cv2' has no attribute 'createThinPlateSplineShapeTransformer'
Shadow effect failed: module 'cv2' has no attribute 'CCOLOR_LAB2BGR'
Result saved successfully at C:\Users\lenovo\Desktop\office project\bodyapp\media\tryon_results\result_20250826_005425_5582.jpg
Clothing resized from (1024, 768, 4) to (412, 309, 4)
Pose warping failed: module 'cv2' has no attribute 'createThinPlateSplineShapeTransformer'
Shadow effect failed: module 'cv2' has no attribute 'CCOLOR_LAB2BGR'
Result saved successfully at C:\Users\lenovo\Desktop\office project\bodyapp\media\tryon_results\result_20250826_005433_8923.jpg
Clothing resized from (577, 433, 4) to (259, 194, 4)
Pose warping failed: module 'cv2' has no attribute 'createThinPlateSplineShapeTransformer'
Shadow effect failed: module 'cv2' has no attribute 'CCOLOR_LAB2BGR'
Result saved successfully at C:\Users\lenovo\Desktop\office project\bodyapp\media\tryon_results\result_20250826_005444_8827.jpg
Clothing resized from (799, 900, 4) to (172, 194, 4)
Pose warping failed: module 'cv2' has no attribute 'createThinPlateSplineShapeTransformer'
Shadow effect failed: module 'cv2' has no attribute 'CCOLOR_LAB2BGR'
Result saved successfully at C:\Users\lenovo\Desktop\office project\bodyapp\media\tryon_results\result_20250826_005453_2578.jpg
Clothing resized from (1024, 768, 4) to (412, 309, 4)
Pose warping failed: module 'cv2' has no attribute 'createThinPlateSplineShapeTransformer'
Shadow effect failed: module 'cv2' has no attribute 'CCOLOR_LAB2BGR'
Result saved successfully at C:\Users\lenovo\Desktop\office project\bodyapp\media\tryon_results\result_20250826_005459_6878.jpg
C:\Users\lenovo\Desktop\office project\bodyapp\detector\urls.py changed, reloading.
C:\Users\lenovo\Desktop\office project\bodyapp\detector\urls.py changed, reloading.
Watching for file changes with StatReloader
Watching for file changes with StatReloader
C:\Users\lenovo\Desktop\office project\bodyapp\detector\urls.py changed, reloading.
C:\Users\lenovo\Desktop\office project\bodyapp\detector\urls.py changed, reloading.
Watching for file changes with StatReloader
Watching for file changes with StatReloader
Loading enhanced YOLO models...
Loading enhanced YOLO models...
Enhanced YOLO models loaded successfully
Enhanced YOLO models loaded successfully
C:\Users\lenovo\Desktop\office project\bodyapp\detector\urls.py changed, reloading.
C:\Users\lenovo\Desktop\office project\bodyapp\detector\urls.py changed, reloading.
Watching for file changes with StatReloader
Watching for file changes with StatReloader
C:\Users\lenovo\Desktop\office project\bodyapp\detector\urls.py changed, reloading.
Watching for file changes with StatReloader
Loading enhanced YOLO models...
Watching for file changes with StatReloader
Loading enhanced YOLO models...
Enhanced YOLO models loaded successfully
Not Found: /favicon.ico
Bad Request: /debug-pose/
Clothing resized from (1024, 768, 4) to (412, 309, 4)
Pose warping failed: module 'cv2' has no attribute 'createThinPlateSplineShapeTransformer'
Shadow effect failed: module 'cv2' has no attribute 'CCOLOR_LAB2BGR'
Result saved successfully at C:\Users\lenovo\Desktop\office project\bodyapp\media\tryon_results\result_20250826_031339_2068.jpg
Bad Request: /debug-pose/
Clothing resized from (1024, 768, 4) to (412, 309, 4)
Pose warping failed: module 'cv2' has no attribute 'createThinPlateSplineShapeTransformer'
Shadow effect failed: module 'cv2' has no attribute 'CCOLOR_LAB2BGR'
Result saved successfully at C:\Users\lenovo\Desktop\office project\bodyapp\media\tryon_results\result_20250826_031405_1182.jpg
Clothing resized from (1024, 768, 4) to (412, 309, 4)
Pose warping failed: module 'cv2' has no attribute 'createThinPlateSplineShapeTransformer'
Shadow effect failed: module 'cv2' has no attribute 'CCOLOR_LAB2BGR'
Result saved successfully at C:\Users\lenovo\Desktop\office project\bodyapp\media\tryon_results\result_20250826_031557_1111.jpg
Clothing resized from (1024, 768, 4) to (412, 309, 4)
Pose warping failed: module 'cv2' has no attribute 'createThinPlateSplineShapeTransformer'
Shadow effect failed: module 'cv2' has no attribute 'CCOLOR_LAB2BGR'
Result saved successfully at C:\Users\lenovo\Desktop\office project\bodyapp\media\tryon_results\result_20250826_032616_1718.jpg
Watching for file changes with StatReloader
Loading enhanced YOLO models...
Enhanced YOLO models loaded successfully
Not Found: /favicon.ico
Clothing resized from (1024, 768, 4) to (537, 403, 4)
Pose warping failed: module 'cv2' has no attribute 'createThinPlateSplineShapeTransformer'
Shadow effect failed: module 'cv2' has no attribute 'CCOLOR_LAB2BGR'
Result saved successfully at C:\Users\lenovo\Desktop\office project\bodyapp\media\tryon_results\result_20250826_035156_5307.jpg
Clothing resized from (1024, 768, 4) to (537, 403, 4)
Pose warping failed: module 'cv2' has no attribute 'createThinPlateSplineShapeTransformer'
Shadow effect failed: module 'cv2' has no attribute 'CCOLOR_LAB2BGR'
Result saved successfully at C:\Users\lenovo\Desktop\office project\bodyapp\media\tryon_results\result_20250826_035212_7442.jpg
Clothing resized from (1024, 768, 4) to (537, 403, 4)
Pose warping failed: module 'cv2' has no attribute 'createThinPlateSplineShapeTransformer'
Shadow effect failed: module 'cv2' has no attribute 'CCOLOR_LAB2BGR'
Result saved successfully at C:\Users\lenovo\Desktop\office project\bodyapp\media\tryon_results\result_20250826_035237_4509.jpg
Clothing resized from (1024, 768, 4) to (221, 166, 4)
Pose warping failed: module 'cv2' has no attribute 'createThinPlateSplineShapeTransformer'
Shadow effect failed: module 'cv2' has no attribute 'CCOLOR_LAB2BGR'
Result saved successfully at C:\Users\lenovo\Desktop\office project\bodyapp\media\tryon_results\result_20250826_035801_5045.jpg
Clothing resized from (799, 900, 4) to (85, 96, 4)
Pose warping failed: module 'cv2' has no attribute 'createThinPlateSplineShapeTransformer'
Shadow effect failed: module 'cv2' has no attribute 'CCOLOR_LAB2BGR'
Result saved successfully at C:\Users\lenovo\Desktop\office project\bodyapp\media\tryon_results\result_20250826_035925_4908.jpg
Clothing resized from (1024, 768, 4) to (221, 166, 4)
Pose warping failed: module 'cv2' has no attribute 'createThinPlateSplineShapeTransformer'
Shadow effect failed: module 'cv2' has no attribute 'CCOLOR_LAB2BGR'
Result saved successfully at C:\Users\lenovo\Desktop\office project\bodyapp\media\tryon_results\result_20250826_035933_1620.jpg
Clothing resized from (1024, 768, 4) to (221, 166, 4)
Pose warping failed: module 'cv2' has no attribute 'createThinPlateSplineShapeTransformer'
Shadow effect failed: module 'cv2' has no attribute 'CCOLOR_LAB2BGR'
Result saved successfully at C:\Users\lenovo\Desktop\office project\bodyapp\media\tryon_results\result_20250826_040040_1809.jpg
Bad Request: /debug-pose/
Bad Request: /debug-pose/
Watching for file changes with StatReloader
Loading enhanced YOLO models...
Enhanced YOLO models loaded successfully
Not Found: /favicon.ico
Clothing resized from (1024, 768, 4) to (221, 166, 4)
Pose warping failed: module 'cv2' has no attribute 'createThinPlateSplineShapeTransformer'
Result saved successfully at C:\Users\lenovo\Desktop\office project\bodyapp\media\tryon_results\result_20250827_031040_6363.jpg
Clothing resized from (1024, 768, 4) to (221, 166, 4)
Pose warping failed: module 'cv2' has no attribute 'createThinPlateSplineShapeTransformer'
Result saved successfully at C:\Users\lenovo\Desktop\office project\bodyapp\media\tryon_results\result_20250827_031051_8943.jpg
Clothing resized from (1024, 768, 4) to (221, 166, 4)
Pose warping failed: module 'cv2' has no attribute 'createThinPlateSplineShapeTransformer'
Result saved successfully at C:\Users\lenovo\Desktop\office project\bodyapp\media\tryon_results\result_20250827_031215_1504.jpg
Bad Request: /debug-pose/
C:\Users\lenovo\Desktop\office project\bodyapp\detector\apps.py changed, reloading.
Watching for file changes with StatReloader
C:\Users\lenovo\Desktop\office project\bodyapp\detector\apps.py changed, reloading.
Watching for file changes with StatReloader
C:\Users\lenovo\Desktop\office project\bodyapp\detector\apps.py changed, reloading.
Watching for file changes with StatReloader
C:\Users\lenovo\Desktop\office project\bodyapp\detector\apps.py changed, reloading.
Watching for file changes with StatReloader
C:\Users\lenovo\Desktop\office project\bodyapp\detector\apps.py changed, reloading.
Watching for file changes with StatReloader
Watching for file changes with StatReloader
Loading enhanced YOLO models...
Enhanced YOLO models loaded successfully
Bad Request: /debug-pose/
Clothing resized from (1024, 768, 4) to (221, 166, 4)
Error calling http://localhost:8003/segment: HTTPConnectionPool(host='localhost', port=8003): Max retries exceeded with url: /segment (Caused by NewConnectionError('<urllib3.connection.HTTPConnection object at 0x00000227FB41F620>: Failed to establish a new connection: [WinError 10061] No connection could be made because the target machine actively refused it'))
SCHP segmentation failed, using fallback
Advanced blending successful
Result saved successfully at C:\Users\lenovo\Desktop\office project\bodyapp\media\tryon_results\result_20250827_034701_3199.jpg
Clothing resized from (1024, 768, 4) to (537, 403, 4)
Error calling http://localhost:8003/segment: HTTPConnectionPool(host='localhost', port=8003): Max retries exceeded with url: /segment (Caused by NewConnectionError('<urllib3.connection.HTTPConnection object at 0x00000227FB407390>: Failed to establish a new connection: [WinError 10061] No connection could be made because the target machine actively refused it'))
SCHP segmentation failed, using fallback
Advanced blending successful
Result saved successfully at C:\Users\lenovo\Desktop\office project\bodyapp\media\tryon_results\result_20250827_034737_7496.jpg
Clothing resized from (1024, 768, 4) to (537, 403, 4)
Error calling http://localhost:8003/segment: HTTPConnectionPool(host='localhost', port=8003): Max retries exceeded with url: /segment (Caused by NewConnectionError('<urllib3.connection.HTTPConnection object at 0x00000227FB407C50>: Failed to establish a new connection: [WinError 10061] No connection could be made because the target machine actively refused it'))
SCHP segmentation failed, using fallback
Advanced blending successful
Result saved successfully at C:\Users\lenovo\Desktop\office project\bodyapp\media\tryon_results\result_20250827_034800_4902.jpg
Clothing resized from (1024, 768, 4) to (537, 403, 4)
Pose warping failed: module 'cv2' has no attribute 'createThinPlateSplineShapeTransformer'
Standard blending successful
Result saved successfully at C:\Users\lenovo\Desktop\office project\bodyapp\media\tryon_results\result_20250827_034809_1859.jpg
Clothing resized from (1024, 768, 4) to (537, 403, 4)
Pose warping failed: module 'cv2' has no attribute 'createThinPlateSplineShapeTransformer'
Standard blending successful
Result saved successfully at C:\Users\lenovo\Desktop\office project\bodyapp\media\tryon_results\result_20250827_034821_1397.jpg
Clothing resized from (1024, 768, 4) to (537, 403, 4)
Error calling http://localhost:8003/segment: HTTPConnectionPool(host='localhost', port=8003): Max retries exceeded with url: /segment (Caused by NewConnectionError('<urllib3.connection.HTTPConnection object at 0x00000227FB40BCE0>: Failed to establish a new connection: [WinError 10061] No connection could be made because the target machine actively refused it'))
SCHP segmentation failed, using fallback
Advanced blending successful
Result saved successfully at C:\Users\lenovo\Desktop\office project\bodyapp\media\tryon_results\result_20250827_034837_1275.jpg
Clothing resized from (1024, 768, 4) to (537, 403, 4)
Pose warping failed: module 'cv2' has no attribute 'createThinPlateSplineShapeTransformer'
Standard blending successful
Result saved successfully at C:\Users\lenovo\Desktop\office project\bodyapp\media\tryon_results\result_20250827_034844_6706.jpg
Clothing resized from (1024, 768, 4) to (537, 403, 4)
Error calling http://localhost:8003/segment: HTTPConnectionPool(host='localhost', port=8003): Max retries exceeded with url: /segment (Caused by NewConnectionError('<urllib3.connection.HTTPConnection object at 0x00000227FB40A9E0>: Failed to establish a new connection: [WinError 10061] No connection could be made because the target machine actively refused it'))
SCHP segmentation failed, using fallback
Advanced blending successful
Result saved successfully at C:\Users\lenovo\Desktop\office project\bodyapp\media\tryon_results\result_20250827_034858_5791.jpg
Clothing resized from (1024, 768, 4) to (537, 403, 4)
Pose warping failed: module 'cv2' has no attribute 'createThinPlateSplineShapeTransformer'
Standard blending successful
Result saved successfully at C:\Users\lenovo\Desktop\office project\bodyapp\media\tryon_results\result_20250827_035146_5926.jpg
Clothing resized from (1024, 768, 4) to (450, 338, 4)
Pose warping failed: module 'cv2' has no attribute 'createThinPlateSplineShapeTransformer'
Standard blending successful
Result saved successfully at C:\Users\lenovo\Desktop\office project\bodyapp\media\tryon_results\result_20250827_035209_3613.jpg
Clothing resized from (1024, 768, 4) to (450, 338, 4)
Error calling http://localhost:8003/segment: HTTPConnectionPool(host='localhost', port=8003): Max retries exceeded with url: /segment (Caused by NewConnectionError('<urllib3.connection.HTTPConnection object at 0x00000227F1D25FD0>: Failed to establish a new connection: [WinError 10061] No connection could be made because the target machine actively refused it'))
SCHP segmentation failed, using fallback
Advanced blending successful
Result saved successfully at C:\Users\lenovo\Desktop\office project\bodyapp\media\tryon_results\result_20250827_035219_5015.jpg
C:\Users\lenovo\Desktop\office project\bodyapp\detector\views.py changed, reloading.
Watching for file changes with StatReloader
C:\Users\lenovo\Desktop\office project\bodyapp\detector\views.py changed, reloading.
Watching for file changes with StatReloader
Loading enhanced YOLO models...
Enhanced YOLO models loaded successfully
C:\Users\lenovo\Desktop\office project\bodyapp\detector\views.py changed, reloading.
Watching for file changes with StatReloader
Loading enhanced YOLO models...
Enhanced YOLO models loaded successfully
C:\Users\lenovo\Desktop\office project\bodyapp\detector\views.py changed, reloading.
Watching for file changes with StatReloader
C:\Users\lenovo\Desktop\office project\bodyapp\detector\views.py changed, reloading.
Watching for file changes with StatReloader
Loading enhanced YOLO models...
Enhanced YOLO models loaded successfully
C:\Users\lenovo\Desktop\office project\bodyapp\detector\views.py changed, reloading.
Watching for file changes with StatReloader
Loading enhanced YOLO models...
Enhanced YOLO models loaded successfully
C:\Users\lenovo\Desktop\office project\bodyapp\detector\views.py changed, reloading.
Watching for file changes with StatReloader
C:\Users\lenovo\Desktop\office project\bodyapp\detector\views.py changed, reloading.
Watching for file changes with StatReloader
Loading enhanced YOLO models...
Enhanced YOLO models loaded successfully
C:\Users\lenovo\Desktop\office project\bodyapp\detector\views.py changed, reloading.
Watching for file changes with StatReloader
Loading enhanced YOLO models...
Enhanced YOLO models loaded successfully
C:\Users\lenovo\Desktop\office project\bodyapp\detector\views.py changed, reloading.
Watching for file changes with StatReloader
Loading enhanced YOLO models...
Enhanced YOLO models loaded successfully
Watching for file changes with StatReloader
Loading enhanced YOLO models...
Enhanced YOLO models loaded successfully
Not Found: /favicon.ico
Bad Request: /debug-tryon/
Bad Request: /debug-pose/
Virtual try-on failed: 'VirtualTryOnSystem' object has no attribute 'get_body_measurements'
Traceback (most recent call last):
  File "C:\Users\lenovo\Desktop\office project\bodyapp\detector\views.py", line 1004, in static_tryon
    measurements = tryon_system.get_body_measurements(person_img)
                   ^^^^^^^^^^^^^^^^^^^^^^^^^^^^^^^^^^
AttributeError: 'VirtualTryOnSystem' object has no attribute 'get_body_measurements'
Internal Server Error: /static-tryon/
Virtual try-on failed: 'VirtualTryOnSystem' object has no attribute 'get_body_measurements'
Traceback (most recent call last):
  File "C:\Users\lenovo\Desktop\office project\bodyapp\detector\views.py", line 1004, in static_tryon
    measurements = tryon_system.get_body_measurements(person_img)
                   ^^^^^^^^^^^^^^^^^^^^^^^^^^^^^^^^^^
AttributeError: 'VirtualTryOnSystem' object has no attribute 'get_body_measurements'
Internal Server Error: /static-tryon/
Virtual try-on failed: 'VirtualTryOnSystem' object has no attribute 'get_body_measurements'
Traceback (most recent call last):
  File "C:\Users\lenovo\Desktop\office project\bodyapp\detector\views.py", line 1004, in static_tryon
    measurements = tryon_system.get_body_measurements(person_img)
                   ^^^^^^^^^^^^^^^^^^^^^^^^^^^^^^^^^^
AttributeError: 'VirtualTryOnSystem' object has no attribute 'get_body_measurements'
Internal Server Error: /static-tryon/
Bad Request: /debug-tryon/
Virtual try-on failed: 'VirtualTryOnSystem' object has no attribute 'get_body_measurements'
Traceback (most recent call last):
  File "C:\Users\lenovo\Desktop\office project\bodyapp\detector\views.py", line 1004, in static_tryon
    measurements = tryon_system.get_body_measurements(person_img)
                   ^^^^^^^^^^^^^^^^^^^^^^^^^^^^^^^^^^
AttributeError: 'VirtualTryOnSystem' object has no attribute 'get_body_measurements'
Internal Server Error: /static-tryon/
C:\Users\lenovo\Desktop\office project\bodyapp\detector\views.py changed, reloading.
C:\Users\lenovo\Desktop\office project\bodyapp\detector\views.py changed, reloading.
Watching for file changes with StatReloader
Watching for file changes with StatReloader
Loading enhanced YOLO models...
Enhanced YOLO models loaded successfully
Enhanced YOLO models loaded successfully
Bad Request: /debug-tryon/
Virtual try-on failed: 'VirtualTryOnSystem' object has no attribute 'get_body_measurements'
Traceback (most recent call last):
  File "C:\Users\lenovo\Desktop\office project\bodyapp\detector\views.py", line 1004, in static_tryon
    measurements = tryon_system.get_body_measurements(person_img)
                   ^^^^^^^^^^^^^^^^^^^^^^^^^^^^^^^^^^
AttributeError: 'VirtualTryOnSystem' object has no attribute 'get_body_measurements'
Internal Server Error: /static-tryon/
Watching for file changes with StatReloader
Loading enhanced YOLO models...
Enhanced YOLO models loaded successfully
Not Found: /favicon.ico
Bad Request: /debug-tryon/
Virtual try-on failed: 'VirtualTryOnSystem' object has no attribute 'get_body_measurements'
Traceback (most recent call last):
  File "C:\Users\lenovo\Desktop\office project\bodyapp\detector\views.py", line 1004, in static_tryon
    measurements = tryon_system.get_body_measurements(person_img)
                   ^^^^^^^^^^^^^^^^^^^^^^^^^^^^^^^^^^
AttributeError: 'VirtualTryOnSystem' object has no attribute 'get_body_measurements'
Internal Server Error: /static-tryon/
C:\Users\lenovo\Desktop\office project\bodyapp\detector\views.py changed, reloading.
Watching for file changes with StatReloader
C:\Users\lenovo\Desktop\office project\bodyapp\detector\views.py changed, reloading.
Watching for file changes with StatReloader
Loading enhanced YOLO models...
Enhanced YOLO models loaded successfully
C:\Users\lenovo\Desktop\office project\bodyapp\detector\views.py changed, reloading.
Watching for file changes with StatReloader
Loading enhanced YOLO models...
Enhanced YOLO models loaded successfully
C:\Users\lenovo\Desktop\office project\bodyapp\detector\views.py changed, reloading.
Watching for file changes with StatReloader
Loading enhanced YOLO models...
Enhanced YOLO models loaded successfully
Virtual try-on failed: 'VirtualTryOnSystem' object has no attribute 'get_body_measurements'
Traceback (most recent call last):
  File "C:\Users\lenovo\Desktop\office project\bodyapp\detector\views.py", line 1004, in static_tryon
    measurements = tryon_system.get_body_measurements(person_img)
                   ^^^^^^^^^^^^^^^^^^^^^^^^^^^^^^^^^^
AttributeError: 'VirtualTryOnSystem' object has no attribute 'get_body_measurements'
Internal Server Error: /static-tryon/
C:\Users\lenovo\Desktop\office project\bodyapp\detector\views.py changed, reloading.
Watching for file changes with StatReloader
Loading enhanced YOLO models...
Enhanced YOLO models loaded successfully
Virtual try-on failed: 'VirtualTryOnSystem' object has no attribute 'get_body_measurements'
Traceback (most recent call last):
  File "C:\Users\lenovo\Desktop\office project\bodyapp\detector\views.py", line 969, in static_tryon
    measurements = tryon_system.get_body_measurements(person_img)
                   ^^^^^^^^^^^^^^^^^^^^^^^^^^^^^^^^^^
AttributeError: 'VirtualTryOnSystem' object has no attribute 'get_body_measurements'
Internal Server Error: /static-tryon/
C:\Users\lenovo\Desktop\office project\bodyapp\detector\views.py changed, reloading.
Watching for file changes with StatReloader
C:\Users\lenovo\Desktop\office project\bodyapp\detector\views.py changed, reloading.
Watching for file changes with StatReloader
Loading enhanced YOLO models...
Enhanced YOLO models loaded successfully
Virtual try-on failed: 'VirtualTryOnSystem' object has no attribute 'get_body_measurements'
Traceback (most recent call last):
  File "C:\Users\lenovo\Desktop\office project\bodyapp\detector\views.py", line 969, in static_tryon
    measurements = tryon_system.get_body_measurements(person_img)
                   ^^^^^^^^^^^^^^^^^^^^^^^^^^^^^^^^^^
AttributeError: 'VirtualTryOnSystem' object has no attribute 'get_body_measurements'
Internal Server Error: /static-tryon/
Watching for file changes with StatReloader
Loading enhanced YOLO models...
Enhanced YOLO models loaded successfully
Virtual try-on failed: 'VirtualTryOnSystem' object has no attribute 'get_body_measurements'
Traceback (most recent call last):
  File "C:\Users\lenovo\Desktop\office project\bodyapp\detector\views.py", line 969, in static_tryon
    measurements = tryon_system.get_body_measurements(person_img)
                   ^^^^^^^^^^^^^^^^^^^^^^^^^^^^^^^^^^
AttributeError: 'VirtualTryOnSystem' object has no attribute 'get_body_measurements'
Internal Server Error: /static-tryon/
Virtual try-on failed: 'VirtualTryOnSystem' object has no attribute 'get_body_measurements'
Traceback (most recent call last):
  File "C:\Users\lenovo\Desktop\office project\bodyapp\detector\views.py", line 969, in static_tryon
    measurements = tryon_system.get_body_measurements(person_img)
                   ^^^^^^^^^^^^^^^^^^^^^^^^^^^^^^^^^^
AttributeError: 'VirtualTryOnSystem' object has no attribute 'get_body_measurements'
Internal Server Error: /static-tryon/
C:\Users\lenovo\Desktop\office project\bodyapp\detector\urls.py changed, reloading.
Watching for file changes with StatReloader
Loading enhanced YOLO models...
Enhanced YOLO models loaded successfully
Bad Request: /debug-pose/
Virtual try-on failed: 'VirtualTryOnSystem' object has no attribute 'get_body_measurements'
Traceback (most recent call last):
  File "C:\Users\lenovo\Desktop\office project\bodyapp\detector\views.py", line 969, in static_tryon
    measurements = tryon_system.get_body_measurements(person_img)
                   ^^^^^^^^^^^^^^^^^^^^^^^^^^^^^^^^^^
AttributeError: 'VirtualTryOnSystem' object has no attribute 'get_body_measurements'
Internal Server Error: /static-tryon/
C:\Users\lenovo\Desktop\office project\bodyapp\detector\urls.py changed, reloading.
Watching for file changes with StatReloader
Loading enhanced YOLO models...
Enhanced YOLO models loaded successfully
C:\Users\lenovo\Desktop\office project\bodyapp\bodyapp\settings.py changed, reloading.
Watching for file changes with StatReloader
Loading enhanced YOLO models...
Enhanced YOLO models loaded successfully
Not Found: /test-connection/
Not Found: /favicon.ico
Processing clothing from path: C:\Users\lenovo\Desktop\office project\bodyapp\media\clothes\06802_00.jpg
Original clothing image shape: (1024, 768, 3)
Clothing resized from (1024, 768, 4) to (537, 403, 4)
Result saved successfully at C:\Users\lenovo\Desktop\office project\bodyapp\media\tryon_results\result_20250829_020439_2873.jpg
Bad Request: /debug-pose/
Processing clothing from path: C:\Users\lenovo\Desktop\office project\bodyapp\media\clothes\07429_00.jpg
Original clothing image shape: (1024, 768, 3)
Clothing resized from (1024, 768, 4) to (537, 403, 4)
Result saved successfully at C:\Users\lenovo\Desktop\office project\bodyapp\media\tryon_results\result_20250829_020515_1015.jpg
Processing clothing from path: C:\Users\lenovo\Desktop\office project\bodyapp\media\clothes\11791_00.jpg
Original clothing image shape: (1024, 768, 3)
Clothing resized from (1024, 768, 4) to (537, 403, 4)
Result saved successfully at C:\Users\lenovo\Desktop\office project\bodyapp\media\tryon_results\result_20250829_020521_6189.jpg
Processing clothing from path: C:\Users\lenovo\Desktop\office project\bodyapp\media\clothes\11791_00.jpg
Original clothing image shape: (1024, 768, 3)
Clothing resized from (1024, 768, 4) to (537, 403, 4)
Result saved successfully at C:\Users\lenovo\Desktop\office project\bodyapp\media\tryon_results\result_20250829_020607_5255.jpg
Processing clothing from path: C:\Users\lenovo\Desktop\office project\bodyapp\media\clothes\02783_00.jpg
Original clothing image shape: (1024, 768, 3)
Clothing resized from (1024, 768, 4) to (537, 403, 4)
Result saved successfully at C:\Users\lenovo\Desktop\office project\bodyapp\media\tryon_results\result_20250829_020612_2533.jpg
Processing clothing from path: C:\Users\lenovo\Desktop\office project\bodyapp\media\clothing\20250808_043341_transparent dress.png
Original clothing image shape: (799, 900, 3)
Clothing resized from (799, 900, 4) to (229, 258, 4)
Result saved successfully at C:\Users\lenovo\Desktop\office project\bodyapp\media\tryon_results\result_20250829_020619_1225.jpg
Processing clothing from path: C:\Users\lenovo\Desktop\office project\bodyapp\media\clothing\20250811_034402_09933_00-removebg-preview.png
Original clothing image shape: (577, 433, 4)
Clothing resized from (577, 433, 4) to (343, 258, 4)
Result saved successfully at C:\Users\lenovo\Desktop\office project\bodyapp\media\tryon_results\result_20250829_020626_7158.jpg
Processing clothing from path: C:\Users\lenovo\Desktop\office project\bodyapp\media\clothing\20250811_034402_09933_00-removebg-preview.png
Original clothing image shape: (577, 433, 4)
Clothing resized from (577, 433, 4) to (343, 258, 4)
Result saved successfully at C:\Users\lenovo\Desktop\office project\bodyapp\media\tryon_results\result_20250829_020629_4375.jpg
Processing clothing from path: C:\Users\lenovo\Desktop\office project\bodyapp\media\clothing\20250811_034402_09933_00-removebg-preview.png
Original clothing image shape: (577, 433, 4)
Clothing resized from (577, 433, 4) to (343, 258, 4)
Result saved successfully at C:\Users\lenovo\Desktop\office project\bodyapp\media\tryon_results\result_20250829_020632_9568.jpg
Processing clothing from path: C:\Users\lenovo\Desktop\office project\bodyapp\media\clothing\20250805_023715_11028_00.jpg
Original clothing image shape: (1024, 768, 3)
Clothing resized from (1024, 768, 4) to (537, 403, 4)
Result saved successfully at C:\Users\lenovo\Desktop\office project\bodyapp\media\tryon_results\result_20250829_020636_9041.jpg
C:\Users\lenovo\Desktop\office project\bodyapp\detector\views.py changed, reloading.
Watching for file changes with StatReloader
Loading enhanced YOLO models...
Enhanced YOLO models loaded successfully
Watching for file changes with StatReloader
Loading enhanced YOLO models...
Enhanced YOLO models loaded successfully
Not Found: /test-connection/
Not Found: /favicon.ico
Processing clothing from path: C:\Users\lenovo\Desktop\office project\bodyapp\media\clothing\20250806_012839_11791_00.jpg
Original clothing image shape: (1024, 768, 3)
Clothing resized from (1024, 768, 4) to (442, 331, 4)
Enhanced TPS warping failed: module 'cv2' has no attribute 'createThinPlateSplineShapeTransformer'
Lighting effects failed: operands could not be broadcast together with shapes (1000,750,3) (1000,750) 
Result saved successfully at C:\Users\lenovo\Desktop\office project\bodyapp\media\tryon_results\result_20250829_033908_3660.jpg
Processing clothing from path: C:\Users\lenovo\Desktop\office project\bodyapp\media\clothing\20250806_010228_07429_00.jpg
Original clothing image shape: (1024, 768, 3)
Clothing resized from (1024, 768, 4) to (442, 331, 4)
Enhanced TPS warping failed: module 'cv2' has no attribute 'createThinPlateSplineShapeTransformer'
Lighting effects failed: operands could not be broadcast together with shapes (1000,750,3) (1000,750) 
Result saved successfully at C:\Users\lenovo\Desktop\office project\bodyapp\media\tryon_results\result_20250829_033916_4750.jpg
Processing clothing from path: C:\Users\lenovo\Desktop\office project\bodyapp\media\clothes\11791_00.jpg
Original clothing image shape: (1024, 768, 3)
Clothing resized from (1024, 768, 4) to (442, 331, 4)
Enhanced TPS warping failed: module 'cv2' has no attribute 'createThinPlateSplineShapeTransformer'
Lighting effects failed: operands could not be broadcast together with shapes (1000,750,3) (1000,750) 
Result saved successfully at C:\Users\lenovo\Desktop\office project\bodyapp\media\tryon_results\result_20250829_033928_9437.jpg
Processing clothing from path: C:\Users\lenovo\Desktop\office project\bodyapp\media\clothes\02783_00.jpg
Original clothing image shape: (1024, 768, 3)
Clothing resized from (1024, 768, 4) to (442, 331, 4)
Enhanced TPS warping failed: module 'cv2' has no attribute 'createThinPlateSplineShapeTransformer'
Lighting effects failed: operands could not be broadcast together with shapes (1000,750,3) (1000,750) 
Result saved successfully at C:\Users\lenovo\Desktop\office project\bodyapp\media\tryon_results\result_20250829_033939_3900.jpg
Bad Request: /debug-pose/
Processing clothing from path: C:\Users\lenovo\Desktop\office project\bodyapp\media\clothing\20250811_034402_09933_00-removebg-preview.png
Original clothing image shape: (577, 433, 4)
Clothing resized from (577, 433, 4) to (279, 210, 4)
Enhanced TPS warping failed: module 'cv2' has no attribute 'createThinPlateSplineShapeTransformer'
Lighting effects failed: operands could not be broadcast together with shapes (1000,750,3) (1000,750) 
Result saved successfully at C:\Users\lenovo\Desktop\office project\bodyapp\media\tryon_results\result_20250829_033951_4529.jpg
Processing clothing from path: C:\Users\lenovo\Desktop\office project\bodyapp\media\clothing\20250808_043341_transparent dress.png
Original clothing image shape: (799, 900, 3)
Clothing resized from (799, 900, 4) to (186, 210, 4)
Enhanced TPS warping failed: module 'cv2' has no attribute 'createThinPlateSplineShapeTransformer'
Lighting effects failed: operands could not be broadcast together with shapes (1000,750,3) (1000,750) 
Result saved successfully at C:\Users\lenovo\Desktop\office project\bodyapp\media\tryon_results\result_20250829_034003_5554.jpg
Processing clothing from path: C:\Users\lenovo\Desktop\office project\bodyapp\media\clothing\20250804_053631_01430_00.jpg
Original clothing image shape: (1024, 768, 3)
Clothing resized from (1024, 768, 4) to (442, 331, 4)
Enhanced TPS warping failed: module 'cv2' has no attribute 'createThinPlateSplineShapeTransformer'
Lighting effects failed: operands could not be broadcast together with shapes (1000,750,3) (1000,750) 
Result saved successfully at C:\Users\lenovo\Desktop\office project\bodyapp\media\tryon_results\result_20250829_034007_4987.jpg
C:\Users\lenovo\Desktop\office project\bodyapp\detector\views.py changed, reloading.
C:\Users\lenovo\Desktop\office project\bodyapp\detector\views.py changed, reloading.
Watching for file changes with StatReloader
Watching for file changes with StatReloader
C:\Users\lenovo\Desktop\office project\bodyapp\detector\views.py changed, reloading.
C:\Users\lenovo\Desktop\office project\bodyapp\detector\views.py changed, reloading.
Watching for file changes with StatReloader
Watching for file changes with StatReloader
Loading enhanced YOLO models...
Enhanced YOLO models loaded successfully
Loading enhanced YOLO models...
Enhanced YOLO models loaded successfully
C:\Users\lenovo\Desktop\office project\bodyapp\detector\views.py changed, reloading.
C:\Users\lenovo\Desktop\office project\bodyapp\detector\views.py changed, reloading.
Watching for file changes with StatReloader
Watching for file changes with StatReloader
C:\Users\lenovo\Desktop\office project\bodyapp\detector\views.py changed, reloading.
Watching for file changes with StatReloader
Loading enhanced YOLO models...
Enhanced YOLO models loaded successfully
Loading enhanced YOLO models...
Enhanced YOLO models loaded successfully
C:\Users\lenovo\Desktop\office project\bodyapp\detector\views.py changed, reloading.
C:\Users\lenovo\Desktop\office project\bodyapp\detector\views.py changed, reloading.
Watching for file changes with StatReloader
Watching for file changes with StatReloader
Loading enhanced YOLO models...
Enhanced YOLO models loaded successfully
Loading enhanced YOLO models...
Enhanced YOLO models loaded successfully
Not Found: /test-connection/
Processing clothing from path: C:\Users\lenovo\Desktop\office project\bodyapp\media\clothing\20250806_012839_11791_00.jpg
Original clothing image shape: (1024, 768, 3)
Clothing resized from (1024, 768, 4) to (537, 403, 4)
Geometric matching clothing application failed: 'VirtualTryOnSystem' object has no attribute 'extract_clothing_features'
Result saved successfully at C:\Users\lenovo\Desktop\office project\bodyapp\media\tryon_results\result_20250829_035911_4862.jpg
Bad Request: /debug-pose/
Processing clothing from path: C:\Users\lenovo\Desktop\office project\bodyapp\media\clothing\20250829_040046_03751_00.jpg
Original clothing image shape: (1024, 768, 3)
Clothing resized from (1024, 768, 4) to (344, 258, 4)
Geometric matching clothing application failed: 'VirtualTryOnSystem' object has no attribute 'extract_clothing_features'
Result saved successfully at C:\Users\lenovo\Desktop\office project\bodyapp\media\tryon_results\result_20250829_040055_3352.jpg
Processing clothing from path: C:\Users\lenovo\Desktop\office project\bodyapp\media\clothing\20250829_040046_03751_00.jpg
Original clothing image shape: (1024, 768, 3)
Clothing resized from (1024, 768, 4) to (344, 258, 4)
Geometric matching clothing application failed: 'VirtualTryOnSystem' object has no attribute 'extract_clothing_features'
Result saved successfully at C:\Users\lenovo\Desktop\office project\bodyapp\media\tryon_results\result_20250829_040108_1167.jpg
Processing clothing from path: C:\Users\lenovo\Desktop\office project\bodyapp\media\clothing\20250805_023715_11028_00.jpg
Original clothing image shape: (1024, 768, 3)
Clothing resized from (1024, 768, 4) to (537, 403, 4)
Geometric matching clothing application failed: 'VirtualTryOnSystem' object has no attribute 'extract_clothing_features'
Result saved successfully at C:\Users\lenovo\Desktop\office project\bodyapp\media\tryon_results\result_20250829_040129_5100.jpg
C:\Users\lenovo\Desktop\office project\bodyapp\detector\views.py changed, reloading.
C:\Users\lenovo\Desktop\office project\bodyapp\detector\views.py changed, reloading.
Watching for file changes with StatReloader
Watching for file changes with StatReloader
Loading enhanced YOLO models...
Enhanced YOLO models loaded successfully
Loading enhanced YOLO models...
Enhanced YOLO models loaded successfully
C:\Users\lenovo\Desktop\office project\bodyapp\detector\views.py changed, reloading.
C:\Users\lenovo\Desktop\office project\bodyapp\detector\views.py changed, reloading.
Watching for file changes with StatReloader
Watching for file changes with StatReloader
Loading enhanced YOLO models...
Loading enhanced YOLO models...
Enhanced YOLO models loaded successfully
Enhanced YOLO models loaded successfully
C:\Users\lenovo\Desktop\office project\bodyapp\detector\views.py changed, reloading.
C:\Users\lenovo\Desktop\office project\bodyapp\detector\views.py changed, reloading.
Watching for file changes with StatReloader
Watching for file changes with StatReloader
Loading enhanced YOLO models...
Loading enhanced YOLO models...
Enhanced YOLO models loaded successfully
Enhanced YOLO models loaded successfully
C:\Users\lenovo\Desktop\office project\bodyapp\detector\views.py changed, reloading.
C:\Users\lenovo\Desktop\office project\bodyapp\detector\views.py changed, reloading.
Watching for file changes with StatReloader
Watching for file changes with StatReloader
Loading enhanced YOLO models...
Loading enhanced YOLO models...
Enhanced YOLO models loaded successfully
Enhanced YOLO models loaded successfully
C:\Users\lenovo\Desktop\office project\bodyapp\detector\views.py changed, reloading.
C:\Users\lenovo\Desktop\office project\bodyapp\detector\views.py changed, reloading.
Watching for file changes with StatReloader
Watching for file changes with StatReloader
Loading enhanced YOLO models...
Enhanced YOLO models loaded successfully
Loading enhanced YOLO models...
Enhanced YOLO models loaded successfully
